[0.136s] DEBUG:colcon:Command line arguments: ['/usr/bin/colcon', 'build', '--packages-select', 'rov_autonomy', '--symlink-install']
[0.136s] DEBUG:colcon:Parsed command line arguments: Namespace(log_base=None, log_level=None, verb_name='build', build_base='build', install_base='install', merge_install=False, symlink_install=True, test_result_base=None, continue_on_error=False, executor='parallel', parallel_workers=12, event_handlers=None, ignore_user_meta=False, metas=['./colcon.meta'], base_paths=['.'], packages_ignore=None, packages_ignore_regex=None, paths=None, packages_up_to=None, packages_up_to_regex=None, packages_above=None, packages_above_and_dependencies=None, packages_above_depth=None, packages_select_by_dep=None, packages_skip_by_dep=None, packages_skip_up_to=None, packages_select_build_failed=False, packages_skip_build_finished=False, packages_select_test_failures=False, packages_skip_test_passed=False, packages_select=['rov_autonomy'], packages_skip=None, packages_select_regex=None, packages_skip_regex=None, packages_start=None, packages_end=None, allow_overriding=[], cmake_args=None, cmake_target=None, cmake_target_skip_unavailable=False, cmake_clean_cache=False, cmake_clean_first=False, cmake_force_configure=False, ament_cmake_args=None, catkin_cmake_args=None, catkin_skip_building_tests=False, mixin_files=None, mixin=None, verb_parser=<colcon_mixin.mixin.mixin_argument.MixinArgumentDecorator object at 0x7ee989d5b950>, verb_extension=<colcon_core.verb.build.BuildVerb object at 0x7ee989ec8500>, main=<bound method BuildVerb.main of <colcon_core.verb.build.BuildVerb object at 0x7ee989ec8500>>, mixin_verb=('build',))
[0.177s] Level 1:colcon.colcon_core.package_discovery:discover_packages(colcon_meta) check parameters
[0.178s] Level 1:colcon.colcon_core.package_discovery:discover_packages(recursive) check parameters
[0.178s] Level 1:colcon.colcon_core.package_discovery:discover_packages(ignore) check parameters
[0.178s] Level 1:colcon.colcon_core.package_discovery:discover_packages(path) check parameters
[0.178s] Level 1:colcon.colcon_core.package_discovery:discover_packages(colcon_meta) discover
[0.178s] Level 1:colcon.colcon_core.package_discovery:discover_packages(recursive) discover
[0.178s] INFO:colcon.colcon_core.package_discovery:Crawling recursively for packages in '/home/kaplan/rov_ws'
[0.178s] Level 1:colcon.colcon_core.package_identification:_identify(.) by extensions ['ignore', 'ignore_ament_install']
[0.178s] Level 1:colcon.colcon_core.package_identification:_identify(.) by extension 'ignore'
[0.178s] Level 1:colcon.colcon_core.package_identification:_identify(.) by extension 'ignore_ament_install'
[0.178s] Level 1:colcon.colcon_core.package_identification:_identify(.) by extensions ['colcon_pkg']
[0.178s] Level 1:colcon.colcon_core.package_identification:_identify(.) by extension 'colcon_pkg'
[0.178s] Level 1:colcon.colcon_core.package_identification:_identify(.) by extensions ['colcon_meta']
[0.178s] Level 1:colcon.colcon_core.package_identification:_identify(.) by extension 'colcon_meta'
[0.178s] Level 1:colcon.colcon_core.package_identification:_identify(.) by extensions ['ros']
[0.178s] Level 1:colcon.colcon_core.package_identification:_identify(.) by extension 'ros'
[0.200s] Level 1:colcon.colcon_core.package_identification:_identify(.) by extensions ['cmake', 'python']
[0.200s] Level 1:colcon.colcon_core.package_identification:_identify(.) by extension 'cmake'
[0.200s] Level 1:colcon.colcon_core.package_identification:_identify(.) by extension 'python'
[0.200s] Level 1:colcon.colcon_core.package_identification:_identify(.) by extensions ['python_setup_py']
[0.200s] Level 1:colcon.colcon_core.package_identification:_identify(.) by extension 'python_setup_py'
[0.200s] Level 1:colcon.colcon_core.package_identification:_identify(build) by extensions ['ignore', 'ignore_ament_install']
[0.200s] Level 1:colcon.colcon_core.package_identification:_identify(build) by extension 'ignore'
[0.201s] Level 1:colcon.colcon_core.package_identification:_identify(build) ignored
[0.201s] Level 1:colcon.colcon_core.package_identification:_identify(install) by extensions ['ignore', 'ignore_ament_install']
[0.201s] Level 1:colcon.colcon_core.package_identification:_identify(install) by extension 'ignore'
[0.201s] Level 1:colcon.colcon_core.package_identification:_identify(install) ignored
[0.201s] Level 1:colcon.colcon_core.package_identification:_identify(log) by extensions ['ignore', 'ignore_ament_install']
[0.201s] Level 1:colcon.colcon_core.package_identification:_identify(log) by extension 'ignore'
[0.201s] Level 1:colcon.colcon_core.package_identification:_identify(log) ignored
[0.201s] Level 1:colcon.colcon_core.package_identification:_identify(src) by extensions ['ignore', 'ignore_ament_install']
[0.201s] Level 1:colcon.colcon_core.package_identification:_identify(src) by extension 'ignore'
[0.201s] Level 1:colcon.colcon_core.package_identification:_identify(src) by extension 'ignore_ament_install'
[0.201s] Level 1:colcon.colcon_core.package_identification:_identify(src) by extensions ['colcon_pkg']
[0.201s] Level 1:colcon.colcon_core.package_identification:_identify(src) by extension 'colcon_pkg'
[0.201s] Level 1:colcon.colcon_core.package_identification:_identify(src) by extensions ['colcon_meta']
[0.201s] Level 1:colcon.colcon_core.package_identification:_identify(src) by extension 'colcon_meta'
[0.201s] Level 1:colcon.colcon_core.package_identification:_identify(src) by extensions ['ros']
[0.201s] Level 1:colcon.colcon_core.package_identification:_identify(src) by extension 'ros'
[0.201s] Level 1:colcon.colcon_core.package_identification:_identify(src) by extensions ['cmake', 'python']
[0.201s] Level 1:colcon.colcon_core.package_identification:_identify(src) by extension 'cmake'
[0.201s] Level 1:colcon.colcon_core.package_identification:_identify(src) by extension 'python'
[0.201s] Level 1:colcon.colcon_core.package_identification:_identify(src) by extensions ['python_setup_py']
[0.201s] Level 1:colcon.colcon_core.package_identification:_identify(src) by extension 'python_setup_py'
[0.201s] Level 1:colcon.colcon_core.package_identification:_identify(src/rov_autonomy) by extensions ['ignore', 'ignore_ament_install']
[0.202s] Level 1:colcon.colcon_core.package_identification:_identify(src/rov_autonomy) by extension 'ignore'
[0.202s] Level 1:colcon.colcon_core.package_identification:_identify(src/rov_autonomy) by extension 'ignore_ament_install'
[0.202s] Level 1:colcon.colcon_core.package_identification:_identify(src/rov_autonomy) by extensions ['colcon_pkg']
[0.202s] Level 1:colcon.colcon_core.package_identification:_identify(src/rov_autonomy) by extension 'colcon_pkg'
[0.202s] Level 1:colcon.colcon_core.package_identification:_identify(src/rov_autonomy) by extensions ['colcon_meta']
[0.202s] Level 1:colcon.colcon_core.package_identification:_identify(src/rov_autonomy) by extension 'colcon_meta'
[0.202s] Level 1:colcon.colcon_core.package_identification:_identify(src/rov_autonomy) by extensions ['ros']
[0.202s] Level 1:colcon.colcon_core.package_identification:_identify(src/rov_autonomy) by extension 'ros'
[0.204s] DEBUG:colcon.colcon_core.package_identification:Package 'src/rov_autonomy' with type 'ros.ament_python' and name 'rov_autonomy'
[0.204s] Level 1:colcon.colcon_core.package_discovery:discover_packages(recursive) using defaults
[0.204s] Level 1:colcon.colcon_core.package_discovery:discover_packages(ignore) discover
[0.204s] Level 1:colcon.colcon_core.package_discovery:discover_packages(ignore) using defaults
[0.204s] Level 1:colcon.colcon_core.package_discovery:discover_packages(path) discover
[0.204s] Level 1:colcon.colcon_core.package_discovery:discover_packages(path) using defaults
[0.224s] Level 1:colcon.colcon_core.package_discovery:discover_packages(prefix_path) check parameters
[0.224s] Level 1:colcon.colcon_core.package_discovery:discover_packages(prefix_path) discover
[0.228s] DEBUG:colcon.colcon_installed_package_information.package_discovery:Found 1 installed packages in /home/kaplan/rov_ws/install
[0.230s] DEBUG:colcon.colcon_installed_package_information.package_discovery:Found 85 installed packages in /home/kaplan/colcon_ws/install
[0.231s] DEBUG:colcon.colcon_installed_package_information.package_discovery:Found 223 installed packages in /opt/ros/jazzy
[0.231s] Level 1:colcon.colcon_core.package_discovery:discover_packages(prefix_path) using defaults
[0.264s] Level 5:colcon.colcon_core.verb:set package 'rov_autonomy' build argument 'cmake_args' from command line to 'None'
[0.265s] Level 5:colcon.colcon_core.verb:set package 'rov_autonomy' build argument 'cmake_target' from command line to 'None'
[0.265s] Level 5:colcon.colcon_core.verb:set package 'rov_autonomy' build argument 'cmake_target_skip_unavailable' from command line to 'False'
[0.265s] Level 5:colcon.colcon_core.verb:set package 'rov_autonomy' build argument 'cmake_clean_cache' from command line to 'False'
[0.265s] Level 5:colcon.colcon_core.verb:set package 'rov_autonomy' build argument 'cmake_clean_first' from command line to 'False'
[0.265s] Level 5:colcon.colcon_core.verb:set package 'rov_autonomy' build argument 'cmake_force_configure' from command line to 'False'
[0.265s] Level 5:colcon.colcon_core.verb:set package 'rov_autonomy' build argument 'ament_cmake_args' from command line to 'None'
[0.265s] Level 5:colcon.colcon_core.verb:set package 'rov_autonomy' build argument 'catkin_cmake_args' from command line to 'None'
[0.265s] Level 5:colcon.colcon_core.verb:set package 'rov_autonomy' build argument 'catkin_skip_building_tests' from command line to 'False'
[0.265s] DEBUG:colcon.colcon_core.verb:Building package 'rov_autonomy' with the following arguments: {'ament_cmake_args': None, 'build_base': '/home/kaplan/rov_ws/build/rov_autonomy', 'catkin_cmake_args': None, 'catkin_skip_building_tests': False, 'cmake_args': None, 'cmake_clean_cache': False, 'cmake_clean_first': False, 'cmake_force_configure': False, 'cmake_target': None, 'cmake_target_skip_unavailable': False, 'install_base': '/home/kaplan/rov_ws/install/rov_autonomy', 'merge_install': False, 'path': '/home/kaplan/rov_ws/src/rov_autonomy', 'symlink_install': True, 'test_result_base': None}
[0.265s] INFO:colcon.colcon_core.executor:Executing jobs using 'parallel' executor
[0.266s] DEBUG:colcon.colcon_parallel_executor.executor.parallel:run_until_complete
[0.266s] INFO:colcon.colcon_ros.task.ament_python.build:Building ROS package in '/home/kaplan/rov_ws/src/rov_autonomy' with build type 'ament_python'
[0.266s] Level 1:colcon.colcon_core.shell:create_environment_hook('rov_autonomy', 'ament_prefix_path')
[0.269s] INFO:colcon.colcon_core.plugin_system:Skipping extension 'colcon_core.shell.bat': Not used on non-Windows systems
[0.269s] INFO:colcon.colcon_core.shell:Creating environment hook '/home/kaplan/rov_ws/install/rov_autonomy/share/rov_autonomy/hook/ament_prefix_path.ps1'
[0.270s] INFO:colcon.colcon_core.shell:Creating environment descriptor '/home/kaplan/rov_ws/install/rov_autonomy/share/rov_autonomy/hook/ament_prefix_path.dsv'
[0.270s] INFO:colcon.colcon_core.shell:Creating environment hook '/home/kaplan/rov_ws/install/rov_autonomy/share/rov_autonomy/hook/ament_prefix_path.sh'
[0.271s] INFO:colcon.colcon_core.shell:Skip shell extension 'powershell' for command environment: Not usable outside of PowerShell
[0.271s] DEBUG:colcon.colcon_core.shell:Skip shell extension 'dsv' for command environment
[0.587s] INFO:colcon.colcon_core.task.python.build:Building Python package in '/home/kaplan/rov_ws/src/rov_autonomy'
[0.587s] INFO:colcon.colcon_core.shell:Skip shell extension 'powershell' for command environment: Not usable outside of PowerShell
[0.587s] DEBUG:colcon.colcon_core.shell:Skip shell extension 'dsv' for command environment
[1.332s] DEBUG:colcon.colcon_core.task.python.build:Available setuptools commands: extract_messages, bdist_dumb, bdist_rpm, develop, alias, build_ext, sdist, egg_info, build_scripts, install_scripts, install_egg_info, easy_install, build_clib, update_catalog, bdist, build_py, compile_catalog, install_lib, symlink_data, clean, check, init_catalog, editable_wheel, pytest, setopt, rotate, build, install, dist_info, install_headers, bdist_wheel, saveopts, install_data, bdist_egg, ptr
[1.775s] DEBUG:colcon.colcon_core.task.python.build:Available setuptools 'develop' options: --prefix, --local-snapshots-ok, --install-dir, --multi-version, --help, --verbose, --no-deps, --no-find-links, --build-directory, --editable, --quiet, --egg-path, --no-user-cfg, --allow-hosts, --zip-ok, --record, --optimize, --exclude-scripts, --script-dir, --upgrade, --dry-run, --always-copy, --find-links, --always-unzip, --user, --site-dirs, --uninstall, --index-url, --version
[1.777s] DEBUG:colcon.colcon_core.event_handler.log_command:Invoking command in '/home/kaplan/rov_ws/build/rov_autonomy': DEBUGINFOD_URLS=https://debuginfod.ubuntu.com PS1=\[\e]0;\u@\h: \w\a\]${debian_chroot:+($debian_chroot)}\[\033[01;32m\]\u@\h\[\033[00m\]:\[\033[01;34m\]\w\[\033[00m\]\$ PYTHONPATH=/home/kaplan/rov_ws/build/rov_autonomy/prefix_override:/usr/lib/python3/dist-packages/colcon_core/task/python/colcon_distutils_commands:/home/kaplan/rov_ws/install/rov_autonomy/lib/python3.12/site-packages:${PYTHONPATH} VIRTUAL_ENV_PROMPT=(venv-ardupilot) /usr/bin/python3 -W ignore:setup.py install is deprecated -W ignore:easy_install command is deprecated setup.py develop --editable --build-directory /home/kaplan/rov_ws/build/rov_autonomy/build --no-deps symlink_data
[2.695s] Level 1:colcon.colcon_core.shell:create_environment_hook('rov_autonomy', 'pythonpath_develop')
[2.696s] INFO:colcon.colcon_core.shell:Creating environment hook '/home/kaplan/rov_ws/build/rov_autonomy/share/rov_autonomy/hook/pythonpath_develop.ps1'
[2.696s] DEBUG:colcon.colcon_core.event_handler.log_command:Invoked command in '/home/kaplan/rov_ws/build/rov_autonomy' returned '0': DEBUGINFOD_URLS=https://debuginfod.ubuntu.com PS1=\[\e]0;\u@\h: \w\a\]${debian_chroot:+($debian_chroot)}\[\033[01;32m\]\u@\h\[\033[00m\]:\[\033[01;34m\]\w\[\033[00m\]\$ PYTHONPATH=/home/kaplan/rov_ws/build/rov_autonomy/prefix_override:/usr/lib/python3/dist-packages/colcon_core/task/python/colcon_distutils_commands:/home/kaplan/rov_ws/install/rov_autonomy/lib/python3.12/site-packages:${PYTHONPATH} VIRTUAL_ENV_PROMPT=(venv-ardupilot) /usr/bin/python3 -W ignore:setup.py install is deprecated -W ignore:easy_install command is deprecated setup.py develop --editable --build-directory /home/kaplan/rov_ws/build/rov_autonomy/build --no-deps symlink_data
[2.696s] INFO:colcon.colcon_core.shell:Creating environment descriptor '/home/kaplan/rov_ws/build/rov_autonomy/share/rov_autonomy/hook/pythonpath_develop.dsv'
[2.697s] INFO:colcon.colcon_core.shell:Creating environment hook '/home/kaplan/rov_ws/build/rov_autonomy/share/rov_autonomy/hook/pythonpath_develop.sh'
[2.700s] Level 1:colcon.colcon_core.environment:checking '/home/kaplan/rov_ws/install/rov_autonomy' for CMake module files
[2.701s] Level 1:colcon.colcon_core.environment:checking '/home/kaplan/rov_ws/install/rov_autonomy' for CMake config files
[2.701s] Level 1:colcon.colcon_core.environment:checking '/home/kaplan/rov_ws/install/rov_autonomy/lib'
[2.701s] Level 1:colcon.colcon_core.environment:checking '/home/kaplan/rov_ws/install/rov_autonomy/bin'
[2.701s] Level 1:colcon.colcon_core.environment:checking '/home/kaplan/rov_ws/install/rov_autonomy/lib/pkgconfig/rov_autonomy.pc'
[2.701s] Level 1:colcon.colcon_core.environment:checking '/home/kaplan/rov_ws/install/rov_autonomy/lib/python3.12/site-packages'
[2.702s] Level 1:colcon.colcon_core.shell:create_environment_hook('rov_autonomy', 'pythonpath')
[2.702s] INFO:colcon.colcon_core.shell:Creating environment hook '/home/kaplan/rov_ws/install/rov_autonomy/share/rov_autonomy/hook/pythonpath.ps1'
[2.702s] INFO:colcon.colcon_core.shell:Creating environment descriptor '/home/kaplan/rov_ws/install/rov_autonomy/share/rov_autonomy/hook/pythonpath.dsv'
[2.702s] INFO:colcon.colcon_core.shell:Creating environment hook '/home/kaplan/rov_ws/install/rov_autonomy/share/rov_autonomy/hook/pythonpath.sh'
[2.703s] Level 1:colcon.colcon_core.environment:checking '/home/kaplan/rov_ws/install/rov_autonomy/bin'
[2.703s] Level 1:colcon.colcon_core.environment:create_environment_scripts_only(rov_autonomy)
[2.703s] INFO:colcon.colcon_core.shell:Creating package script '/home/kaplan/rov_ws/install/rov_autonomy/share/rov_autonomy/package.ps1'
[2.704s] INFO:colcon.colcon_core.shell:Creating package descriptor '/home/kaplan/rov_ws/install/rov_autonomy/share/rov_autonomy/package.dsv'
[2.704s] INFO:colcon.colcon_core.shell:Creating package script '/home/kaplan/rov_ws/install/rov_autonomy/share/rov_autonomy/package.sh'
[2.705s] INFO:colcon.colcon_core.shell:Creating package script '/home/kaplan/rov_ws/install/rov_autonomy/share/rov_autonomy/package.bash'
[2.705s] INFO:colcon.colcon_core.shell:Creating package script '/home/kaplan/rov_ws/install/rov_autonomy/share/rov_autonomy/package.zsh'
[2.706s] Level 1:colcon.colcon_core.environment:create_file_with_runtime_dependencies(/home/kaplan/rov_ws/install/rov_autonomy/share/colcon-core/packages/rov_autonomy)
[2.706s] DEBUG:colcon.colcon_parallel_executor.executor.parallel:closing loop
[2.706s] DEBUG:colcon.colcon_parallel_executor.executor.parallel:loop closed
[2.706s] DEBUG:colcon.colcon_parallel_executor.executor.parallel:run_until_complete finished with '0'
[2.706s] DEBUG:colcon.colcon_core.event_reactor:joining thread
[2.713s] INFO:colcon.colcon_core.plugin_system:Skipping extension 'colcon_notification.desktop_notification.terminal_notifier': Not used on non-Darwin systems
[2.713s] INFO:colcon.colcon_core.plugin_system:Skipping extension 'colcon_notification.desktop_notification.win32': Not used on non-Windows systems
[2.713s] INFO:colcon.colcon_notification.desktop_notification:Sending desktop notification using 'notify2'
[2.722s] DEBUG:colcon.colcon_core.event_reactor:joined thread
[2.723s] INFO:colcon.colcon_core.shell:Creating prefix script '/home/kaplan/rov_ws/install/local_setup.ps1'
[2.723s] INFO:colcon.colcon_core.shell:Creating prefix util module '/home/kaplan/rov_ws/install/_local_setup_util_ps1.py'
[2.724s] INFO:colcon.colcon_core.shell:Creating prefix chain script '/home/kaplan/rov_ws/install/setup.ps1'
[2.728s] INFO:colcon.colcon_core.shell:Creating prefix script '/home/kaplan/rov_ws/install/local_setup.sh'
[2.728s] INFO:colcon.colcon_core.shell:Creating prefix util module '/home/kaplan/rov_ws/install/_local_setup_util_sh.py'
[2.729s] INFO:colcon.colcon_core.shell:Creating prefix chain script '/home/kaplan/rov_ws/install/setup.sh'
[2.732s] INFO:colcon.colcon_core.shell:Creating prefix script '/home/kaplan/rov_ws/install/local_setup.bash'
[2.732s] INFO:colcon.colcon_core.shell:Creating prefix chain script '/home/kaplan/rov_ws/install/setup.bash'
[2.735s] INFO:colcon.colcon_core.shell:Creating prefix script '/home/kaplan/rov_ws/install/local_setup.zsh'
[2.736s] INFO:colcon.colcon_core.shell:Creating prefix chain script '/home/kaplan/rov_ws/install/setup.zsh'
