[0.283s] DEBUG:colcon:Command line arguments: ['/usr/bin/colcon', 'build', '--packages-select', 'rov_autonomy', '--symlink-install']
[0.283s] DEBUG:colcon:Parsed command line arguments: Namespace(log_base=None, log_level=None, verb_name='build', build_base='build', install_base='install', merge_install=False, symlink_install=True, test_result_base=None, continue_on_error=False, executor='parallel', parallel_workers=12, event_handlers=None, ignore_user_meta=False, metas=['./colcon.meta'], base_paths=['.'], packages_ignore=None, packages_ignore_regex=None, paths=None, packages_up_to=None, packages_up_to_regex=None, packages_above=None, packages_above_and_dependencies=None, packages_above_depth=None, packages_select_by_dep=None, packages_skip_by_dep=None, packages_skip_up_to=None, packages_select_build_failed=False, packages_skip_build_finished=False, packages_select_test_failures=False, packages_skip_test_passed=False, packages_select=['rov_autonomy'], packages_skip=None, packages_select_regex=None, packages_skip_regex=None, packages_start=None, packages_end=None, allow_overriding=[], cmake_args=None, cmake_target=None, cmake_target_skip_unavailable=False, cmake_clean_cache=False, cmake_clean_first=False, cmake_force_configure=False, ament_cmake_args=None, catkin_cmake_args=None, catkin_skip_building_tests=False, mixin_files=None, mixin=None, verb_parser=<colcon_mixin.mixin.mixin_argument.MixinArgumentDecorator object at 0x7129d8e6f710>, verb_extension=<colcon_core.verb.build.BuildVerb object at 0x7129d8fbc4a0>, main=<bound method BuildVerb.main of <colcon_core.verb.build.BuildVerb object at 0x7129d8fbc4a0>>, mixin_verb=('build',))
[0.372s] Level 1:colcon.colcon_core.package_discovery:discover_packages(colcon_meta) check parameters
[0.372s] Level 1:colcon.colcon_core.package_discovery:discover_packages(recursive) check parameters
[0.372s] Level 1:colcon.colcon_core.package_discovery:discover_packages(ignore) check parameters
[0.372s] Level 1:colcon.colcon_core.package_discovery:discover_packages(path) check parameters
[0.372s] Level 1:colcon.colcon_core.package_discovery:discover_packages(colcon_meta) discover
[0.372s] Level 1:colcon.colcon_core.package_discovery:discover_packages(recursive) discover
[0.372s] INFO:colcon.colcon_core.package_discovery:Crawling recursively for packages in '/home/kaplan/rov_ws'
[0.372s] Level 1:colcon.colcon_core.package_identification:_identify(.) by extensions ['ignore', 'ignore_ament_install']
[0.372s] Level 1:colcon.colcon_core.package_identification:_identify(.) by extension 'ignore'
[0.373s] Level 1:colcon.colcon_core.package_identification:_identify(.) by extension 'ignore_ament_install'
[0.373s] Level 1:colcon.colcon_core.package_identification:_identify(.) by extensions ['colcon_pkg']
[0.373s] Level 1:colcon.colcon_core.package_identification:_identify(.) by extension 'colcon_pkg'
[0.373s] Level 1:colcon.colcon_core.package_identification:_identify(.) by extensions ['colcon_meta']
[0.373s] Level 1:colcon.colcon_core.package_identification:_identify(.) by extension 'colcon_meta'
[0.373s] Level 1:colcon.colcon_core.package_identification:_identify(.) by extensions ['ros']
[0.373s] Level 1:colcon.colcon_core.package_identification:_identify(.) by extension 'ros'
[0.422s] Level 1:colcon.colcon_core.package_identification:_identify(.) by extensions ['cmake', 'python']
[0.423s] Level 1:colcon.colcon_core.package_identification:_identify(.) by extension 'cmake'
[0.423s] Level 1:colcon.colcon_core.package_identification:_identify(.) by extension 'python'
[0.423s] Level 1:colcon.colcon_core.package_identification:_identify(.) by extensions ['python_setup_py']
[0.423s] Level 1:colcon.colcon_core.package_identification:_identify(.) by extension 'python_setup_py'
[0.423s] Level 1:colcon.colcon_core.package_identification:_identify(build) by extensions ['ignore', 'ignore_ament_install']
[0.423s] Level 1:colcon.colcon_core.package_identification:_identify(build) by extension 'ignore'
[0.423s] Level 1:colcon.colcon_core.package_identification:_identify(build) ignored
[0.423s] Level 1:colcon.colcon_core.package_identification:_identify(install) by extensions ['ignore', 'ignore_ament_install']
[0.423s] Level 1:colcon.colcon_core.package_identification:_identify(install) by extension 'ignore'
[0.423s] Level 1:colcon.colcon_core.package_identification:_identify(install) ignored
[0.423s] Level 1:colcon.colcon_core.package_identification:_identify(log) by extensions ['ignore', 'ignore_ament_install']
[0.424s] Level 1:colcon.colcon_core.package_identification:_identify(log) by extension 'ignore'
[0.424s] Level 1:colcon.colcon_core.package_identification:_identify(log) ignored
[0.424s] Level 1:colcon.colcon_core.package_identification:_identify(src) by extensions ['ignore', 'ignore_ament_install']
[0.424s] Level 1:colcon.colcon_core.package_identification:_identify(src) by extension 'ignore'
[0.424s] Level 1:colcon.colcon_core.package_identification:_identify(src) by extension 'ignore_ament_install'
[0.424s] Level 1:colcon.colcon_core.package_identification:_identify(src) by extensions ['colcon_pkg']
[0.424s] Level 1:colcon.colcon_core.package_identification:_identify(src) by extension 'colcon_pkg'
[0.424s] Level 1:colcon.colcon_core.package_identification:_identify(src) by extensions ['colcon_meta']
[0.424s] Level 1:colcon.colcon_core.package_identification:_identify(src) by extension 'colcon_meta'
[0.424s] Level 1:colcon.colcon_core.package_identification:_identify(src) by extensions ['ros']
[0.424s] Level 1:colcon.colcon_core.package_identification:_identify(src) by extension 'ros'
[0.424s] Level 1:colcon.colcon_core.package_identification:_identify(src) by extensions ['cmake', 'python']
[0.424s] Level 1:colcon.colcon_core.package_identification:_identify(src) by extension 'cmake'
[0.424s] Level 1:colcon.colcon_core.package_identification:_identify(src) by extension 'python'
[0.425s] Level 1:colcon.colcon_core.package_identification:_identify(src) by extensions ['python_setup_py']
[0.425s] Level 1:colcon.colcon_core.package_identification:_identify(src) by extension 'python_setup_py'
[0.425s] Level 1:colcon.colcon_core.package_identification:_identify(src/rov_autonomy) by extensions ['ignore', 'ignore_ament_install']
[0.425s] Level 1:colcon.colcon_core.package_identification:_identify(src/rov_autonomy) by extension 'ignore'
[0.425s] Level 1:colcon.colcon_core.package_identification:_identify(src/rov_autonomy) by extension 'ignore_ament_install'
[0.425s] Level 1:colcon.colcon_core.package_identification:_identify(src/rov_autonomy) by extensions ['colcon_pkg']
[0.425s] Level 1:colcon.colcon_core.package_identification:_identify(src/rov_autonomy) by extension 'colcon_pkg'
[0.425s] Level 1:colcon.colcon_core.package_identification:_identify(src/rov_autonomy) by extensions ['colcon_meta']
[0.425s] Level 1:colcon.colcon_core.package_identification:_identify(src/rov_autonomy) by extension 'colcon_meta'
[0.425s] Level 1:colcon.colcon_core.package_identification:_identify(src/rov_autonomy) by extensions ['ros']
[0.425s] Level 1:colcon.colcon_core.package_identification:_identify(src/rov_autonomy) by extension 'ros'
[0.429s] DEBUG:colcon.colcon_core.package_identification:Package 'src/rov_autonomy' with type 'ros.ament_python' and name 'rov_autonomy'
[0.429s] Level 1:colcon.colcon_core.package_discovery:discover_packages(recursive) using defaults
[0.429s] Level 1:colcon.colcon_core.package_discovery:discover_packages(ignore) discover
[0.429s] Level 1:colcon.colcon_core.package_discovery:discover_packages(ignore) using defaults
[0.429s] Level 1:colcon.colcon_core.package_discovery:discover_packages(path) discover
[0.429s] Level 1:colcon.colcon_core.package_discovery:discover_packages(path) using defaults
[0.474s] Level 1:colcon.colcon_core.package_discovery:discover_packages(prefix_path) check parameters
[0.474s] Level 1:colcon.colcon_core.package_discovery:discover_packages(prefix_path) discover
[0.482s] DEBUG:colcon.colcon_installed_package_information.package_discovery:Found 1 installed packages in /home/kaplan/rov_ws/install
[0.488s] DEBUG:colcon.colcon_installed_package_information.package_discovery:Found 85 installed packages in /home/kaplan/colcon_ws/install
[0.491s] DEBUG:colcon.colcon_installed_package_information.package_discovery:Found 223 installed packages in /opt/ros/jazzy
[0.491s] Level 1:colcon.colcon_core.package_discovery:discover_packages(prefix_path) using defaults
[0.556s] Level 5:colcon.colcon_core.verb:set package 'rov_autonomy' build argument 'cmake_args' from command line to 'None'
[0.556s] Level 5:colcon.colcon_core.verb:set package 'rov_autonomy' build argument 'cmake_target' from command line to 'None'
[0.556s] Level 5:colcon.colcon_core.verb:set package 'rov_autonomy' build argument 'cmake_target_skip_unavailable' from command line to 'False'
[0.556s] Level 5:colcon.colcon_core.verb:set package 'rov_autonomy' build argument 'cmake_clean_cache' from command line to 'False'
[0.556s] Level 5:colcon.colcon_core.verb:set package 'rov_autonomy' build argument 'cmake_clean_first' from command line to 'False'
[0.556s] Level 5:colcon.colcon_core.verb:set package 'rov_autonomy' build argument 'cmake_force_configure' from command line to 'False'
[0.556s] Level 5:colcon.colcon_core.verb:set package 'rov_autonomy' build argument 'ament_cmake_args' from command line to 'None'
[0.556s] Level 5:colcon.colcon_core.verb:set package 'rov_autonomy' build argument 'catkin_cmake_args' from command line to 'None'
[0.556s] Level 5:colcon.colcon_core.verb:set package 'rov_autonomy' build argument 'catkin_skip_building_tests' from command line to 'False'
[0.556s] DEBUG:colcon.colcon_core.verb:Building package 'rov_autonomy' with the following arguments: {'ament_cmake_args': None, 'build_base': '/home/kaplan/rov_ws/build/rov_autonomy', 'catkin_cmake_args': None, 'catkin_skip_building_tests': False, 'cmake_args': None, 'cmake_clean_cache': False, 'cmake_clean_first': False, 'cmake_force_configure': False, 'cmake_target': None, 'cmake_target_skip_unavailable': False, 'install_base': '/home/kaplan/rov_ws/install/rov_autonomy', 'merge_install': False, 'path': '/home/kaplan/rov_ws/src/rov_autonomy', 'symlink_install': True, 'test_result_base': None}
[0.556s] INFO:colcon.colcon_core.executor:Executing jobs using 'parallel' executor
[0.558s] DEBUG:colcon.colcon_parallel_executor.executor.parallel:run_until_complete
[0.558s] INFO:colcon.colcon_ros.task.ament_python.build:Building ROS package in '/home/kaplan/rov_ws/src/rov_autonomy' with build type 'ament_python'
[0.558s] Level 1:colcon.colcon_core.shell:create_environment_hook('rov_autonomy', 'ament_prefix_path')
[0.564s] INFO:colcon.colcon_core.plugin_system:Skipping extension 'colcon_core.shell.bat': Not used on non-Windows systems
[0.565s] INFO:colcon.colcon_core.shell:Creating environment hook '/home/kaplan/rov_ws/install/rov_autonomy/share/rov_autonomy/hook/ament_prefix_path.ps1'
[0.566s] INFO:colcon.colcon_core.shell:Creating environment descriptor '/home/kaplan/rov_ws/install/rov_autonomy/share/rov_autonomy/hook/ament_prefix_path.dsv'
[0.566s] INFO:colcon.colcon_core.shell:Creating environment hook '/home/kaplan/rov_ws/install/rov_autonomy/share/rov_autonomy/hook/ament_prefix_path.sh'
[0.567s] INFO:colcon.colcon_core.shell:Skip shell extension 'powershell' for command environment: Not usable outside of PowerShell
[0.567s] DEBUG:colcon.colcon_core.shell:Skip shell extension 'dsv' for command environment
[1.269s] INFO:colcon.colcon_core.task.python.build:Building Python package in '/home/kaplan/rov_ws/src/rov_autonomy'
[1.270s] INFO:colcon.colcon_core.shell:Skip shell extension 'powershell' for command environment: Not usable outside of PowerShell
[1.270s] DEBUG:colcon.colcon_core.shell:Skip shell extension 'dsv' for command environment
[2.813s] DEBUG:colcon.colcon_core.task.python.build:Available setuptools commands: bdist_dumb, ptr, install_headers, build, setopt, rotate, bdist_rpm, bdist_wheel, build_clib, easy_install, install_scripts, bdist_egg, build_scripts, egg_info, extract_messages, editable_wheel, symlink_data, saveopts, install_data, clean, develop, init_catalog, install_egg_info, compile_catalog, build_py, build_ext, install_lib, pytest, alias, update_catalog, bdist, install, dist_info, sdist, check
[3.759s] DEBUG:colcon.colcon_core.task.python.build:Available setuptools 'develop' options: --editable, --zip-ok, --multi-version, --no-user-cfg, --uninstall, --build-directory, --no-find-links, --no-deps, --user, --prefix, --upgrade, --script-dir, --quiet, --install-dir, --site-dirs, --always-unzip, --allow-hosts, --help, --local-snapshots-ok, --always-copy, --index-url, --optimize, --dry-run, --verbose, --egg-path, --record, --find-links, --version, --exclude-scripts
[3.762s] DEBUG:colcon.colcon_core.event_handler.log_command:Invoking command in '/home/kaplan/rov_ws/build/rov_autonomy': DEBUGINFOD_URLS=https://debuginfod.ubuntu.com PS1=\[\e]0;\u@\h: \w\a\]${debian_chroot:+($debian_chroot)}\[\033[01;32m\]\u@\h\[\033[00m\]:\[\033[01;34m\]\w\[\033[00m\]\$ PYTHONPATH=/home/kaplan/rov_ws/build/rov_autonomy/prefix_override:/usr/lib/python3/dist-packages/colcon_core/task/python/colcon_distutils_commands:/home/kaplan/rov_ws/install/rov_autonomy/lib/python3.12/site-packages:${PYTHONPATH} VIRTUAL_ENV_PROMPT=(venv-ardupilot) /usr/bin/python3 -W ignore:setup.py install is deprecated -W ignore:easy_install command is deprecated setup.py develop --editable --build-directory /home/kaplan/rov_ws/build/rov_autonomy/build --no-deps symlink_data
[5.619s] Level 1:colcon.colcon_core.shell:create_environment_hook('rov_autonomy', 'pythonpath_develop')
[5.620s] INFO:colcon.colcon_core.shell:Creating environment hook '/home/kaplan/rov_ws/build/rov_autonomy/share/rov_autonomy/hook/pythonpath_develop.ps1'
[5.621s] DEBUG:colcon.colcon_core.event_handler.log_command:Invoked command in '/home/kaplan/rov_ws/build/rov_autonomy' returned '0': DEBUGINFOD_URLS=https://debuginfod.ubuntu.com PS1=\[\e]0;\u@\h: \w\a\]${debian_chroot:+($debian_chroot)}\[\033[01;32m\]\u@\h\[\033[00m\]:\[\033[01;34m\]\w\[\033[00m\]\$ PYTHONPATH=/home/kaplan/rov_ws/build/rov_autonomy/prefix_override:/usr/lib/python3/dist-packages/colcon_core/task/python/colcon_distutils_commands:/home/kaplan/rov_ws/install/rov_autonomy/lib/python3.12/site-packages:${PYTHONPATH} VIRTUAL_ENV_PROMPT=(venv-ardupilot) /usr/bin/python3 -W ignore:setup.py install is deprecated -W ignore:easy_install command is deprecated setup.py develop --editable --build-directory /home/kaplan/rov_ws/build/rov_autonomy/build --no-deps symlink_data
[5.622s] INFO:colcon.colcon_core.shell:Creating environment descriptor '/home/kaplan/rov_ws/build/rov_autonomy/share/rov_autonomy/hook/pythonpath_develop.dsv'
[5.623s] INFO:colcon.colcon_core.shell:Creating environment hook '/home/kaplan/rov_ws/build/rov_autonomy/share/rov_autonomy/hook/pythonpath_develop.sh'
[5.630s] Level 1:colcon.colcon_core.environment:checking '/home/kaplan/rov_ws/install/rov_autonomy' for CMake module files
[5.631s] Level 1:colcon.colcon_core.environment:checking '/home/kaplan/rov_ws/install/rov_autonomy' for CMake config files
[5.632s] Level 1:colcon.colcon_core.environment:checking '/home/kaplan/rov_ws/install/rov_autonomy/lib'
[5.632s] Level 1:colcon.colcon_core.environment:checking '/home/kaplan/rov_ws/install/rov_autonomy/bin'
[5.632s] Level 1:colcon.colcon_core.environment:checking '/home/kaplan/rov_ws/install/rov_autonomy/lib/pkgconfig/rov_autonomy.pc'
[5.632s] Level 1:colcon.colcon_core.environment:checking '/home/kaplan/rov_ws/install/rov_autonomy/lib/python3.12/site-packages'
[5.633s] Level 1:colcon.colcon_core.shell:create_environment_hook('rov_autonomy', 'pythonpath')
[5.633s] INFO:colcon.colcon_core.shell:Creating environment hook '/home/kaplan/rov_ws/install/rov_autonomy/share/rov_autonomy/hook/pythonpath.ps1'
[5.634s] INFO:colcon.colcon_core.shell:Creating environment descriptor '/home/kaplan/rov_ws/install/rov_autonomy/share/rov_autonomy/hook/pythonpath.dsv'
[5.634s] INFO:colcon.colcon_core.shell:Creating environment hook '/home/kaplan/rov_ws/install/rov_autonomy/share/rov_autonomy/hook/pythonpath.sh'
[5.635s] Level 1:colcon.colcon_core.environment:checking '/home/kaplan/rov_ws/install/rov_autonomy/bin'
[5.635s] Level 1:colcon.colcon_core.environment:create_environment_scripts_only(rov_autonomy)
[5.635s] INFO:colcon.colcon_core.shell:Creating package script '/home/kaplan/rov_ws/install/rov_autonomy/share/rov_autonomy/package.ps1'
[5.637s] INFO:colcon.colcon_core.shell:Creating package descriptor '/home/kaplan/rov_ws/install/rov_autonomy/share/rov_autonomy/package.dsv'
[5.638s] INFO:colcon.colcon_core.shell:Creating package script '/home/kaplan/rov_ws/install/rov_autonomy/share/rov_autonomy/package.sh'
[5.639s] INFO:colcon.colcon_core.shell:Creating package script '/home/kaplan/rov_ws/install/rov_autonomy/share/rov_autonomy/package.bash'
[5.640s] INFO:colcon.colcon_core.shell:Creating package script '/home/kaplan/rov_ws/install/rov_autonomy/share/rov_autonomy/package.zsh'
[5.641s] Level 1:colcon.colcon_core.environment:create_file_with_runtime_dependencies(/home/kaplan/rov_ws/install/rov_autonomy/share/colcon-core/packages/rov_autonomy)
[5.641s] DEBUG:colcon.colcon_parallel_executor.executor.parallel:closing loop
[5.642s] DEBUG:colcon.colcon_parallel_executor.executor.parallel:loop closed
[5.642s] DEBUG:colcon.colcon_parallel_executor.executor.parallel:run_until_complete finished with '0'
[5.642s] DEBUG:colcon.colcon_core.event_reactor:joining thread
[5.657s] INFO:colcon.colcon_core.plugin_system:Skipping extension 'colcon_notification.desktop_notification.terminal_notifier': Not used on non-Darwin systems
[5.657s] INFO:colcon.colcon_core.plugin_system:Skipping extension 'colcon_notification.desktop_notification.win32': Not used on non-Windows systems
[5.657s] INFO:colcon.colcon_notification.desktop_notification:Sending desktop notification using 'notify2'
[5.679s] DEBUG:colcon.colcon_core.event_reactor:joined thread
[5.680s] INFO:colcon.colcon_core.shell:Creating prefix script '/home/kaplan/rov_ws/install/local_setup.ps1'
[5.681s] INFO:colcon.colcon_core.shell:Creating prefix util module '/home/kaplan/rov_ws/install/_local_setup_util_ps1.py'
[5.682s] INFO:colcon.colcon_core.shell:Creating prefix chain script '/home/kaplan/rov_ws/install/setup.ps1'
[5.688s] INFO:colcon.colcon_core.shell:Creating prefix script '/home/kaplan/rov_ws/install/local_setup.sh'
[5.689s] INFO:colcon.colcon_core.shell:Creating prefix util module '/home/kaplan/rov_ws/install/_local_setup_util_sh.py'
[5.690s] INFO:colcon.colcon_core.shell:Creating prefix chain script '/home/kaplan/rov_ws/install/setup.sh'
[5.697s] INFO:colcon.colcon_core.shell:Creating prefix script '/home/kaplan/rov_ws/install/local_setup.bash'
[5.698s] INFO:colcon.colcon_core.shell:Creating prefix chain script '/home/kaplan/rov_ws/install/setup.bash'
[5.706s] INFO:colcon.colcon_core.shell:Creating prefix script '/home/kaplan/rov_ws/install/local_setup.zsh'
[5.706s] INFO:colcon.colcon_core.shell:Creating prefix chain script '/home/kaplan/rov_ws/install/setup.zsh'
