[2.519s] Invoking command in '/home/kaplan/rov_ws/build/rov_autonomy': DEBUGINFOD_URLS=https://debuginfod.ubuntu.com PS1=\[\e]0;\u@\h: \w\a\]${debian_chroot:+($debian_chroot)}\[\033[01;32m\]\u@\h\[\033[00m\]:\[\033[01;34m\]\w\[\033[00m\]\$ PYTHONPATH=/home/kaplan/rov_ws/build/rov_autonomy/prefix_override:/usr/lib/python3/dist-packages/colcon_core/task/python/colcon_distutils_commands:/home/kaplan/rov_ws/install/rov_autonomy/lib/python3.12/site-packages:${PYTHONPATH} VIRTUAL_ENV_PROMPT=(venv-ardupilot) /usr/bin/python3 -W ignore:setup.py install is deprecated -W ignore:easy_install command is deprecated setup.py develop --editable --build-directory /home/kaplan/rov_ws/build/rov_autonomy/build --no-deps symlink_data
[2.831s] /home/kaplan/.local/lib/python3.12/site-packages/setuptools/_distutils/dist.py:289: UserWarning: Unknown distribution option: 'tests_require'
[2.831s]   warnings.warn(msg)
[3.104s] running develop
[3.506s] /home/kaplan/.local/lib/python3.12/site-packages/setuptools/command/easy_install.py:334: UserWarning: Unbuilt egg for pytest-repeat [unknown version] (/usr/lib/python3/dist-packages)
[3.506s]   self.local_index = Environment(self.shadow_path + sys.path)
[3.561s] running egg_info
[3.598s] writing rov_autonomy.egg-info/PKG-INFO
[3.598s] writing dependency_links to rov_autonomy.egg-info/dependency_links.txt
[3.599s] writing entry points to rov_autonomy.egg-info/entry_points.txt
[3.599s] writing requirements to rov_autonomy.egg-info/requires.txt
[3.599s] writing top-level names to rov_autonomy.egg-info/top_level.txt
[3.669s] reading manifest file 'rov_autonomy.egg-info/SOURCES.txt'
[3.671s] writing manifest file 'rov_autonomy.egg-info/SOURCES.txt'
[3.717s] running build_ext
[3.717s] Creating /home/kaplan/rov_ws/install/rov_autonomy/lib/python3.12/site-packages/rov-autonomy.egg-link (link to .)
[3.719s] Installing joy_trigger_mixer script to /home/kaplan/rov_ws/install/rov_autonomy/lib/rov_autonomy
[3.719s] Installing twist_to_manual_control script to /home/kaplan/rov_ws/install/rov_autonomy/lib/rov_autonomy
[3.719s] 
[3.719s] Installed /home/kaplan/rov_ws/build/rov_autonomy
[3.720s] running symlink_data
[3.826s] Invoked command in '/home/kaplan/rov_ws/build/rov_autonomy' returned '0': DEBUGINFOD_URLS=https://debuginfod.ubuntu.com PS1=\[\e]0;\u@\h: \w\a\]${debian_chroot:+($debian_chroot)}\[\033[01;32m\]\u@\h\[\033[00m\]:\[\033[01;34m\]\w\[\033[00m\]\$ PYTHONPATH=/home/kaplan/rov_ws/build/rov_autonomy/prefix_override:/usr/lib/python3/dist-packages/colcon_core/task/python/colcon_distutils_commands:/home/kaplan/rov_ws/install/rov_autonomy/lib/python3.12/site-packages:${PYTHONPATH} VIRTUAL_ENV_PROMPT=(venv-ardupilot) /usr/bin/python3 -W ignore:setup.py install is deprecated -W ignore:easy_install command is deprecated setup.py develop --editable --build-directory /home/kaplan/rov_ws/build/rov_autonomy/build --no-deps symlink_data
