[0.255s] DEBUG:colcon:Command line arguments: ['/usr/bin/colcon', 'build', '--packages-select', 'rov_autonomy', '--symlink-install']
[0.255s] DEBUG:colcon:Parsed command line arguments: Namespace(log_base=None, log_level=None, verb_name='build', build_base='build', install_base='install', merge_install=False, symlink_install=True, test_result_base=None, continue_on_error=False, executor='parallel', parallel_workers=12, event_handlers=None, ignore_user_meta=False, metas=['./colcon.meta'], base_paths=['.'], packages_ignore=None, packages_ignore_regex=None, paths=None, packages_up_to=None, packages_up_to_regex=None, packages_above=None, packages_above_and_dependencies=None, packages_above_depth=None, packages_select_by_dep=None, packages_skip_by_dep=None, packages_skip_up_to=None, packages_select_build_failed=False, packages_skip_build_finished=False, packages_select_test_failures=False, packages_skip_test_passed=False, packages_select=['rov_autonomy'], packages_skip=None, packages_select_regex=None, packages_skip_regex=None, packages_start=None, packages_end=None, allow_overriding=[], cmake_args=None, cmake_target=None, cmake_target_skip_unavailable=False, cmake_clean_cache=False, cmake_clean_first=False, cmake_force_configure=False, ament_cmake_args=None, catkin_cmake_args=None, catkin_skip_building_tests=False, mixin_files=None, mixin=None, verb_parser=<colcon_mixin.mixin.mixin_argument.MixinArgumentDecorator object at 0x7116bbf77d70>, verb_extension=<colcon_core.verb.build.BuildVerb object at 0x7116bc0c8590>, main=<bound method BuildVerb.main of <colcon_core.verb.build.BuildVerb object at 0x7116bc0c8590>>, mixin_verb=('build',))
[0.341s] Level 1:colcon.colcon_core.package_discovery:discover_packages(colcon_meta) check parameters
[0.341s] Level 1:colcon.colcon_core.package_discovery:discover_packages(recursive) check parameters
[0.341s] Level 1:colcon.colcon_core.package_discovery:discover_packages(ignore) check parameters
[0.341s] Level 1:colcon.colcon_core.package_discovery:discover_packages(path) check parameters
[0.341s] Level 1:colcon.colcon_core.package_discovery:discover_packages(colcon_meta) discover
[0.341s] Level 1:colcon.colcon_core.package_discovery:discover_packages(recursive) discover
[0.341s] INFO:colcon.colcon_core.package_discovery:Crawling recursively for packages in '/home/kaplan/rov_ws'
[0.341s] Level 1:colcon.colcon_core.package_identification:_identify(.) by extensions ['ignore', 'ignore_ament_install']
[0.341s] Level 1:colcon.colcon_core.package_identification:_identify(.) by extension 'ignore'
[0.341s] Level 1:colcon.colcon_core.package_identification:_identify(.) by extension 'ignore_ament_install'
[0.341s] Level 1:colcon.colcon_core.package_identification:_identify(.) by extensions ['colcon_pkg']
[0.341s] Level 1:colcon.colcon_core.package_identification:_identify(.) by extension 'colcon_pkg'
[0.342s] Level 1:colcon.colcon_core.package_identification:_identify(.) by extensions ['colcon_meta']
[0.342s] Level 1:colcon.colcon_core.package_identification:_identify(.) by extension 'colcon_meta'
[0.342s] Level 1:colcon.colcon_core.package_identification:_identify(.) by extensions ['ros']
[0.342s] Level 1:colcon.colcon_core.package_identification:_identify(.) by extension 'ros'
[0.377s] Level 1:colcon.colcon_core.package_identification:_identify(.) by extensions ['cmake', 'python']
[0.377s] Level 1:colcon.colcon_core.package_identification:_identify(.) by extension 'cmake'
[0.377s] Level 1:colcon.colcon_core.package_identification:_identify(.) by extension 'python'
[0.377s] Level 1:colcon.colcon_core.package_identification:_identify(.) by extensions ['python_setup_py']
[0.377s] Level 1:colcon.colcon_core.package_identification:_identify(.) by extension 'python_setup_py'
[0.377s] Level 1:colcon.colcon_core.package_identification:_identify(build) by extensions ['ignore', 'ignore_ament_install']
[0.377s] Level 1:colcon.colcon_core.package_identification:_identify(build) by extension 'ignore'
[0.377s] Level 1:colcon.colcon_core.package_identification:_identify(build) ignored
[0.377s] Level 1:colcon.colcon_core.package_identification:_identify(install) by extensions ['ignore', 'ignore_ament_install']
[0.377s] Level 1:colcon.colcon_core.package_identification:_identify(install) by extension 'ignore'
[0.377s] Level 1:colcon.colcon_core.package_identification:_identify(install) ignored
[0.378s] Level 1:colcon.colcon_core.package_identification:_identify(log) by extensions ['ignore', 'ignore_ament_install']
[0.378s] Level 1:colcon.colcon_core.package_identification:_identify(log) by extension 'ignore'
[0.378s] Level 1:colcon.colcon_core.package_identification:_identify(log) ignored
[0.378s] Level 1:colcon.colcon_core.package_identification:_identify(src) by extensions ['ignore', 'ignore_ament_install']
[0.378s] Level 1:colcon.colcon_core.package_identification:_identify(src) by extension 'ignore'
[0.378s] Level 1:colcon.colcon_core.package_identification:_identify(src) by extension 'ignore_ament_install'
[0.378s] Level 1:colcon.colcon_core.package_identification:_identify(src) by extensions ['colcon_pkg']
[0.378s] Level 1:colcon.colcon_core.package_identification:_identify(src) by extension 'colcon_pkg'
[0.378s] Level 1:colcon.colcon_core.package_identification:_identify(src) by extensions ['colcon_meta']
[0.378s] Level 1:colcon.colcon_core.package_identification:_identify(src) by extension 'colcon_meta'
[0.378s] Level 1:colcon.colcon_core.package_identification:_identify(src) by extensions ['ros']
[0.378s] Level 1:colcon.colcon_core.package_identification:_identify(src) by extension 'ros'
[0.378s] Level 1:colcon.colcon_core.package_identification:_identify(src) by extensions ['cmake', 'python']
[0.378s] Level 1:colcon.colcon_core.package_identification:_identify(src) by extension 'cmake'
[0.378s] Level 1:colcon.colcon_core.package_identification:_identify(src) by extension 'python'
[0.378s] Level 1:colcon.colcon_core.package_identification:_identify(src) by extensions ['python_setup_py']
[0.378s] Level 1:colcon.colcon_core.package_identification:_identify(src) by extension 'python_setup_py'
[0.378s] Level 1:colcon.colcon_core.package_identification:_identify(src/rov_autonomy) by extensions ['ignore', 'ignore_ament_install']
[0.379s] Level 1:colcon.colcon_core.package_identification:_identify(src/rov_autonomy) by extension 'ignore'
[0.379s] Level 1:colcon.colcon_core.package_identification:_identify(src/rov_autonomy) by extension 'ignore_ament_install'
[0.379s] Level 1:colcon.colcon_core.package_identification:_identify(src/rov_autonomy) by extensions ['colcon_pkg']
[0.379s] Level 1:colcon.colcon_core.package_identification:_identify(src/rov_autonomy) by extension 'colcon_pkg'
[0.379s] Level 1:colcon.colcon_core.package_identification:_identify(src/rov_autonomy) by extensions ['colcon_meta']
[0.379s] Level 1:colcon.colcon_core.package_identification:_identify(src/rov_autonomy) by extension 'colcon_meta'
[0.379s] Level 1:colcon.colcon_core.package_identification:_identify(src/rov_autonomy) by extensions ['ros']
[0.379s] Level 1:colcon.colcon_core.package_identification:_identify(src/rov_autonomy) by extension 'ros'
[0.383s] DEBUG:colcon.colcon_core.package_identification:Package 'src/rov_autonomy' with type 'ros.ament_python' and name 'rov_autonomy'
[0.383s] Level 1:colcon.colcon_core.package_discovery:discover_packages(recursive) using defaults
[0.383s] Level 1:colcon.colcon_core.package_discovery:discover_packages(ignore) discover
[0.383s] Level 1:colcon.colcon_core.package_discovery:discover_packages(ignore) using defaults
[0.383s] Level 1:colcon.colcon_core.package_discovery:discover_packages(path) discover
[0.383s] Level 1:colcon.colcon_core.package_discovery:discover_packages(path) using defaults
[0.417s] Level 1:colcon.colcon_core.package_discovery:discover_packages(prefix_path) check parameters
[0.417s] Level 1:colcon.colcon_core.package_discovery:discover_packages(prefix_path) discover
[0.424s] DEBUG:colcon.colcon_installed_package_information.package_discovery:Found 1 installed packages in /home/kaplan/rov_ws/install
[0.426s] DEBUG:colcon.colcon_installed_package_information.package_discovery:Found 85 installed packages in /home/kaplan/colcon_ws/install
[0.427s] DEBUG:colcon.colcon_installed_package_information.package_discovery:Found 223 installed packages in /opt/ros/jazzy
[0.428s] Level 1:colcon.colcon_core.package_discovery:discover_packages(prefix_path) using defaults
[0.494s] Level 5:colcon.colcon_core.verb:set package 'rov_autonomy' build argument 'cmake_args' from command line to 'None'
[0.494s] Level 5:colcon.colcon_core.verb:set package 'rov_autonomy' build argument 'cmake_target' from command line to 'None'
[0.494s] Level 5:colcon.colcon_core.verb:set package 'rov_autonomy' build argument 'cmake_target_skip_unavailable' from command line to 'False'
[0.494s] Level 5:colcon.colcon_core.verb:set package 'rov_autonomy' build argument 'cmake_clean_cache' from command line to 'False'
[0.494s] Level 5:colcon.colcon_core.verb:set package 'rov_autonomy' build argument 'cmake_clean_first' from command line to 'False'
[0.494s] Level 5:colcon.colcon_core.verb:set package 'rov_autonomy' build argument 'cmake_force_configure' from command line to 'False'
[0.494s] Level 5:colcon.colcon_core.verb:set package 'rov_autonomy' build argument 'ament_cmake_args' from command line to 'None'
[0.494s] Level 5:colcon.colcon_core.verb:set package 'rov_autonomy' build argument 'catkin_cmake_args' from command line to 'None'
[0.494s] Level 5:colcon.colcon_core.verb:set package 'rov_autonomy' build argument 'catkin_skip_building_tests' from command line to 'False'
[0.494s] DEBUG:colcon.colcon_core.verb:Building package 'rov_autonomy' with the following arguments: {'ament_cmake_args': None, 'build_base': '/home/kaplan/rov_ws/build/rov_autonomy', 'catkin_cmake_args': None, 'catkin_skip_building_tests': False, 'cmake_args': None, 'cmake_clean_cache': False, 'cmake_clean_first': False, 'cmake_force_configure': False, 'cmake_target': None, 'cmake_target_skip_unavailable': False, 'install_base': '/home/kaplan/rov_ws/install/rov_autonomy', 'merge_install': False, 'path': '/home/kaplan/rov_ws/src/rov_autonomy', 'symlink_install': True, 'test_result_base': None}
[0.494s] INFO:colcon.colcon_core.executor:Executing jobs using 'parallel' executor
[0.495s] DEBUG:colcon.colcon_parallel_executor.executor.parallel:run_until_complete
[0.495s] INFO:colcon.colcon_ros.task.ament_python.build:Building ROS package in '/home/kaplan/rov_ws/src/rov_autonomy' with build type 'ament_python'
[0.495s] Level 1:colcon.colcon_core.shell:create_environment_hook('rov_autonomy', 'ament_prefix_path')
[0.503s] INFO:colcon.colcon_core.plugin_system:Skipping extension 'colcon_core.shell.bat': Not used on non-Windows systems
[0.503s] INFO:colcon.colcon_core.shell:Creating environment hook '/home/kaplan/rov_ws/install/rov_autonomy/share/rov_autonomy/hook/ament_prefix_path.ps1'
[0.504s] INFO:colcon.colcon_core.shell:Creating environment descriptor '/home/kaplan/rov_ws/install/rov_autonomy/share/rov_autonomy/hook/ament_prefix_path.dsv'
[0.505s] INFO:colcon.colcon_core.shell:Creating environment hook '/home/kaplan/rov_ws/install/rov_autonomy/share/rov_autonomy/hook/ament_prefix_path.sh'
[0.506s] INFO:colcon.colcon_core.shell:Skip shell extension 'powershell' for command environment: Not usable outside of PowerShell
[0.506s] DEBUG:colcon.colcon_core.shell:Skip shell extension 'dsv' for command environment
[0.965s] INFO:colcon.colcon_core.task.python.build:Building Python package in '/home/kaplan/rov_ws/src/rov_autonomy'
[0.965s] INFO:colcon.colcon_core.shell:Skip shell extension 'powershell' for command environment: Not usable outside of PowerShell
[0.965s] DEBUG:colcon.colcon_core.shell:Skip shell extension 'dsv' for command environment
[2.142s] DEBUG:colcon.colcon_core.task.python.build:Available setuptools commands: sdist, saveopts, install_lib, update_catalog, bdist_rpm, check, pytest, editable_wheel, build, easy_install, install_data, develop, setopt, extract_messages, install_scripts, clean, bdist_wheel, compile_catalog, bdist_dumb, build_ext, dist_info, egg_info, init_catalog, alias, bdist_egg, install_headers, symlink_data, install, bdist, rotate, build_scripts, ptr, build_clib, install_egg_info, build_py
[2.725s] DEBUG:colcon.colcon_core.task.python.build:Available setuptools 'develop' options: --allow-hosts, --index-url, --site-dirs, --quiet, --egg-path, --script-dir, --help, --record, --upgrade, --no-deps, --exclude-scripts, --dry-run, --install-dir, --build-directory, --version, --multi-version, --uninstall, --zip-ok, --no-user-cfg, --no-find-links, --find-links, --always-unzip, --always-copy, --user, --verbose, --prefix, --local-snapshots-ok, --optimize, --editable
[2.728s] DEBUG:colcon.colcon_core.event_handler.log_command:Invoking command in '/home/kaplan/rov_ws/build/rov_autonomy': DEBUGINFOD_URLS=https://debuginfod.ubuntu.com PS1=\[\e]0;\u@\h: \w\a\]${debian_chroot:+($debian_chroot)}\[\033[01;32m\]\u@\h\[\033[00m\]:\[\033[01;34m\]\w\[\033[00m\]\$ PYTHONPATH=/home/kaplan/rov_ws/build/rov_autonomy/prefix_override:/usr/lib/python3/dist-packages/colcon_core/task/python/colcon_distutils_commands:/home/kaplan/rov_ws/install/rov_autonomy/lib/python3.12/site-packages:${PYTHONPATH} VIRTUAL_ENV_PROMPT=(venv-ardupilot) /usr/bin/python3 -W ignore:setup.py install is deprecated -W ignore:easy_install command is deprecated setup.py develop --editable --build-directory /home/kaplan/rov_ws/build/rov_autonomy/build --no-deps symlink_data
[4.023s] Level 1:colcon.colcon_core.shell:create_environment_hook('rov_autonomy', 'pythonpath_develop')
[4.024s] DEBUG:colcon.colcon_core.event_handler.log_command:Invoked command in '/home/kaplan/rov_ws/build/rov_autonomy' returned '0': DEBUGINFOD_URLS=https://debuginfod.ubuntu.com PS1=\[\e]0;\u@\h: \w\a\]${debian_chroot:+($debian_chroot)}\[\033[01;32m\]\u@\h\[\033[00m\]:\[\033[01;34m\]\w\[\033[00m\]\$ PYTHONPATH=/home/kaplan/rov_ws/build/rov_autonomy/prefix_override:/usr/lib/python3/dist-packages/colcon_core/task/python/colcon_distutils_commands:/home/kaplan/rov_ws/install/rov_autonomy/lib/python3.12/site-packages:${PYTHONPATH} VIRTUAL_ENV_PROMPT=(venv-ardupilot) /usr/bin/python3 -W ignore:setup.py install is deprecated -W ignore:easy_install command is deprecated setup.py develop --editable --build-directory /home/kaplan/rov_ws/build/rov_autonomy/build --no-deps symlink_data
[4.024s] INFO:colcon.colcon_core.shell:Creating environment hook '/home/kaplan/rov_ws/build/rov_autonomy/share/rov_autonomy/hook/pythonpath_develop.ps1'
[4.025s] INFO:colcon.colcon_core.shell:Creating environment descriptor '/home/kaplan/rov_ws/build/rov_autonomy/share/rov_autonomy/hook/pythonpath_develop.dsv'
[4.025s] INFO:colcon.colcon_core.shell:Creating environment hook '/home/kaplan/rov_ws/build/rov_autonomy/share/rov_autonomy/hook/pythonpath_develop.sh'
[4.034s] Level 1:colcon.colcon_core.environment:checking '/home/kaplan/rov_ws/install/rov_autonomy' for CMake module files
[4.034s] Level 1:colcon.colcon_core.environment:checking '/home/kaplan/rov_ws/install/rov_autonomy' for CMake config files
[4.035s] Level 1:colcon.colcon_core.environment:checking '/home/kaplan/rov_ws/install/rov_autonomy/lib'
[4.035s] Level 1:colcon.colcon_core.environment:checking '/home/kaplan/rov_ws/install/rov_autonomy/bin'
[4.035s] Level 1:colcon.colcon_core.environment:checking '/home/kaplan/rov_ws/install/rov_autonomy/lib/pkgconfig/rov_autonomy.pc'
[4.035s] Level 1:colcon.colcon_core.environment:checking '/home/kaplan/rov_ws/install/rov_autonomy/lib/python3.12/site-packages'
[4.035s] Level 1:colcon.colcon_core.shell:create_environment_hook('rov_autonomy', 'pythonpath')
[4.036s] INFO:colcon.colcon_core.shell:Creating environment hook '/home/kaplan/rov_ws/install/rov_autonomy/share/rov_autonomy/hook/pythonpath.ps1'
[4.036s] INFO:colcon.colcon_core.shell:Creating environment descriptor '/home/kaplan/rov_ws/install/rov_autonomy/share/rov_autonomy/hook/pythonpath.dsv'
[4.036s] INFO:colcon.colcon_core.shell:Creating environment hook '/home/kaplan/rov_ws/install/rov_autonomy/share/rov_autonomy/hook/pythonpath.sh'
[4.037s] Level 1:colcon.colcon_core.environment:checking '/home/kaplan/rov_ws/install/rov_autonomy/bin'
[4.037s] Level 1:colcon.colcon_core.environment:create_environment_scripts_only(rov_autonomy)
[4.037s] INFO:colcon.colcon_core.shell:Creating package script '/home/kaplan/rov_ws/install/rov_autonomy/share/rov_autonomy/package.ps1'
[4.038s] INFO:colcon.colcon_core.shell:Creating package descriptor '/home/kaplan/rov_ws/install/rov_autonomy/share/rov_autonomy/package.dsv'
[4.039s] INFO:colcon.colcon_core.shell:Creating package script '/home/kaplan/rov_ws/install/rov_autonomy/share/rov_autonomy/package.sh'
[4.040s] INFO:colcon.colcon_core.shell:Creating package script '/home/kaplan/rov_ws/install/rov_autonomy/share/rov_autonomy/package.bash'
[4.041s] INFO:colcon.colcon_core.shell:Creating package script '/home/kaplan/rov_ws/install/rov_autonomy/share/rov_autonomy/package.zsh'
[4.042s] Level 1:colcon.colcon_core.environment:create_file_with_runtime_dependencies(/home/kaplan/rov_ws/install/rov_autonomy/share/colcon-core/packages/rov_autonomy)
[4.042s] DEBUG:colcon.colcon_parallel_executor.executor.parallel:closing loop
[4.043s] DEBUG:colcon.colcon_parallel_executor.executor.parallel:loop closed
[4.043s] DEBUG:colcon.colcon_parallel_executor.executor.parallel:run_until_complete finished with '0'
[4.043s] DEBUG:colcon.colcon_core.event_reactor:joining thread
[4.054s] INFO:colcon.colcon_core.plugin_system:Skipping extension 'colcon_notification.desktop_notification.terminal_notifier': Not used on non-Darwin systems
[4.054s] INFO:colcon.colcon_core.plugin_system:Skipping extension 'colcon_notification.desktop_notification.win32': Not used on non-Windows systems
[4.054s] INFO:colcon.colcon_notification.desktop_notification:Sending desktop notification using 'notify2'
[4.075s] DEBUG:colcon.colcon_core.event_reactor:joined thread
[4.075s] INFO:colcon.colcon_core.shell:Creating prefix script '/home/kaplan/rov_ws/install/local_setup.ps1'
[4.076s] INFO:colcon.colcon_core.shell:Creating prefix util module '/home/kaplan/rov_ws/install/_local_setup_util_ps1.py'
[4.078s] INFO:colcon.colcon_core.shell:Creating prefix chain script '/home/kaplan/rov_ws/install/setup.ps1'
[4.083s] INFO:colcon.colcon_core.shell:Creating prefix script '/home/kaplan/rov_ws/install/local_setup.sh'
[4.084s] INFO:colcon.colcon_core.shell:Creating prefix util module '/home/kaplan/rov_ws/install/_local_setup_util_sh.py'
[4.085s] INFO:colcon.colcon_core.shell:Creating prefix chain script '/home/kaplan/rov_ws/install/setup.sh'
[4.090s] INFO:colcon.colcon_core.shell:Creating prefix script '/home/kaplan/rov_ws/install/local_setup.bash'
[4.090s] INFO:colcon.colcon_core.shell:Creating prefix chain script '/home/kaplan/rov_ws/install/setup.bash'
[4.095s] INFO:colcon.colcon_core.shell:Creating prefix script '/home/kaplan/rov_ws/install/local_setup.zsh'
[4.096s] INFO:colcon.colcon_core.shell:Creating prefix chain script '/home/kaplan/rov_ws/install/setup.zsh'
