[1.511s] Invoking command in '/home/kaplan/rov_ws/build/rov_autonomy': DEBUGINFOD_URLS=https://debuginfod.ubuntu.com PS1=\[\e]0;\u@\h: \w\a\]${debian_chroot:+($debian_chroot)}\[\033[01;32m\]\u@\h\[\033[00m\]:\[\033[01;34m\]\w\[\033[00m\]\$ PYTHONPATH=/home/kaplan/rov_ws/build/rov_autonomy/prefix_override:/usr/lib/python3/dist-packages/colcon_core/task/python/colcon_distutils_commands:/home/kaplan/rov_ws/install/rov_autonomy/lib/python3.12/site-packages:${PYTHONPATH} VIRTUAL_ENV_PROMPT=(venv-ardupilot) /usr/bin/python3 -W ignore:setup.py install is deprecated -W ignore:easy_install command is deprecated setup.py develop --editable --build-directory /home/kaplan/rov_ws/build/rov_autonomy/build --no-deps symlink_data
[1.731s] /home/kaplan/.local/lib/python3.12/site-packages/setuptools/_distutils/dist.py:289: UserWarning: Unknown distribution option: 'tests_require'
[1.731s]   warnings.warn(msg)
[1.957s] running develop
[2.215s] /home/kaplan/.local/lib/python3.12/site-packages/setuptools/command/easy_install.py:334: UserWarning: Unbuilt egg for pytest-repeat [unknown version] (/usr/lib/python3/dist-packages)
[2.215s]   self.local_index = Environment(self.shadow_path + sys.path)
[2.264s] running egg_info
[2.294s] writing rov_autonomy.egg-info/PKG-INFO
[2.294s] writing dependency_links to rov_autonomy.egg-info/dependency_links.txt
[2.294s] writing entry points to rov_autonomy.egg-info/entry_points.txt
[2.294s] writing requirements to rov_autonomy.egg-info/requires.txt
[2.294s] writing top-level names to rov_autonomy.egg-info/top_level.txt
[2.355s] reading manifest file 'rov_autonomy.egg-info/SOURCES.txt'
[2.356s] writing manifest file 'rov_autonomy.egg-info/SOURCES.txt'
[2.388s] running build_ext
[2.389s] Creating /home/kaplan/rov_ws/install/rov_autonomy/lib/python3.12/site-packages/rov-autonomy.egg-link (link to .)
[2.389s] Installing joy_trigger_mixer script to /home/kaplan/rov_ws/install/rov_autonomy/lib/rov_autonomy
[2.389s] Installing twist_to_manual_control script to /home/kaplan/rov_ws/install/rov_autonomy/lib/rov_autonomy
[2.389s] 
[2.389s] Installed /home/kaplan/rov_ws/build/rov_autonomy
[2.390s] running symlink_data
[2.430s] Invoked command in '/home/kaplan/rov_ws/build/rov_autonomy' returned '0': DEBUGINFOD_URLS=https://debuginfod.ubuntu.com PS1=\[\e]0;\u@\h: \w\a\]${debian_chroot:+($debian_chroot)}\[\033[01;32m\]\u@\h\[\033[00m\]:\[\033[01;34m\]\w\[\033[00m\]\$ PYTHONPATH=/home/kaplan/rov_ws/build/rov_autonomy/prefix_override:/usr/lib/python3/dist-packages/colcon_core/task/python/colcon_distutils_commands:/home/kaplan/rov_ws/install/rov_autonomy/lib/python3.12/site-packages:${PYTHONPATH} VIRTUAL_ENV_PROMPT=(venv-ardupilot) /usr/bin/python3 -W ignore:setup.py install is deprecated -W ignore:easy_install command is deprecated setup.py develop --editable --build-directory /home/kaplan/rov_ws/build/rov_autonomy/build --no-deps symlink_data
