[0.203s] DEBUG:colcon:Command line arguments: ['/usr/bin/colcon', 'build', '--packages-select', 'rov_autonomy', '--symlink-install']
[0.203s] DEBUG:colcon:Parsed command line arguments: Namespace(log_base=None, log_level=None, verb_name='build', build_base='build', install_base='install', merge_install=False, symlink_install=True, test_result_base=None, continue_on_error=False, executor='parallel', parallel_workers=12, event_handlers=None, ignore_user_meta=False, metas=['./colcon.meta'], base_paths=['.'], packages_ignore=None, packages_ignore_regex=None, paths=None, packages_up_to=None, packages_up_to_regex=None, packages_above=None, packages_above_and_dependencies=None, packages_above_depth=None, packages_select_by_dep=None, packages_skip_by_dep=None, packages_skip_up_to=None, packages_select_build_failed=False, packages_skip_build_finished=False, packages_select_test_failures=False, packages_skip_test_passed=False, packages_select=['rov_autonomy'], packages_skip=None, packages_select_regex=None, packages_skip_regex=None, packages_start=None, packages_end=None, allow_overriding=[], cmake_args=None, cmake_target=None, cmake_target_skip_unavailable=False, cmake_clean_cache=False, cmake_clean_first=False, cmake_force_configure=False, ament_cmake_args=None, catkin_cmake_args=None, catkin_skip_building_tests=False, mixin_files=None, mixin=None, verb_parser=<colcon_mixin.mixin.mixin_argument.MixinArgumentDecorator object at 0x77d84428bb30>, verb_extension=<colcon_core.verb.build.BuildVerb object at 0x77d8443d8620>, main=<bound method BuildVerb.main of <colcon_core.verb.build.BuildVerb object at 0x77d8443d8620>>, mixin_verb=('build',))
[0.282s] Level 1:colcon.colcon_core.package_discovery:discover_packages(colcon_meta) check parameters
[0.283s] Level 1:colcon.colcon_core.package_discovery:discover_packages(recursive) check parameters
[0.283s] Level 1:colcon.colcon_core.package_discovery:discover_packages(ignore) check parameters
[0.283s] Level 1:colcon.colcon_core.package_discovery:discover_packages(path) check parameters
[0.283s] Level 1:colcon.colcon_core.package_discovery:discover_packages(colcon_meta) discover
[0.283s] Level 1:colcon.colcon_core.package_discovery:discover_packages(recursive) discover
[0.283s] INFO:colcon.colcon_core.package_discovery:Crawling recursively for packages in '/home/kaplan/rov_ws'
[0.283s] Level 1:colcon.colcon_core.package_identification:_identify(.) by extensions ['ignore', 'ignore_ament_install']
[0.284s] Level 1:colcon.colcon_core.package_identification:_identify(.) by extension 'ignore'
[0.284s] Level 1:colcon.colcon_core.package_identification:_identify(.) by extension 'ignore_ament_install'
[0.284s] Level 1:colcon.colcon_core.package_identification:_identify(.) by extensions ['colcon_pkg']
[0.284s] Level 1:colcon.colcon_core.package_identification:_identify(.) by extension 'colcon_pkg'
[0.284s] Level 1:colcon.colcon_core.package_identification:_identify(.) by extensions ['colcon_meta']
[0.284s] Level 1:colcon.colcon_core.package_identification:_identify(.) by extension 'colcon_meta'
[0.284s] Level 1:colcon.colcon_core.package_identification:_identify(.) by extensions ['ros']
[0.284s] Level 1:colcon.colcon_core.package_identification:_identify(.) by extension 'ros'
[0.325s] Level 1:colcon.colcon_core.package_identification:_identify(.) by extensions ['cmake', 'python']
[0.325s] Level 1:colcon.colcon_core.package_identification:_identify(.) by extension 'cmake'
[0.325s] Level 1:colcon.colcon_core.package_identification:_identify(.) by extension 'python'
[0.325s] Level 1:colcon.colcon_core.package_identification:_identify(.) by extensions ['python_setup_py']
[0.325s] Level 1:colcon.colcon_core.package_identification:_identify(.) by extension 'python_setup_py'
[0.325s] Level 1:colcon.colcon_core.package_identification:_identify(build) by extensions ['ignore', 'ignore_ament_install']
[0.325s] Level 1:colcon.colcon_core.package_identification:_identify(build) by extension 'ignore'
[0.325s] Level 1:colcon.colcon_core.package_identification:_identify(build) ignored
[0.326s] Level 1:colcon.colcon_core.package_identification:_identify(install) by extensions ['ignore', 'ignore_ament_install']
[0.326s] Level 1:colcon.colcon_core.package_identification:_identify(install) by extension 'ignore'
[0.326s] Level 1:colcon.colcon_core.package_identification:_identify(install) ignored
[0.326s] Level 1:colcon.colcon_core.package_identification:_identify(log) by extensions ['ignore', 'ignore_ament_install']
[0.326s] Level 1:colcon.colcon_core.package_identification:_identify(log) by extension 'ignore'
[0.326s] Level 1:colcon.colcon_core.package_identification:_identify(log) ignored
[0.326s] Level 1:colcon.colcon_core.package_identification:_identify(src) by extensions ['ignore', 'ignore_ament_install']
[0.326s] Level 1:colcon.colcon_core.package_identification:_identify(src) by extension 'ignore'
[0.326s] Level 1:colcon.colcon_core.package_identification:_identify(src) by extension 'ignore_ament_install'
[0.326s] Level 1:colcon.colcon_core.package_identification:_identify(src) by extensions ['colcon_pkg']
[0.326s] Level 1:colcon.colcon_core.package_identification:_identify(src) by extension 'colcon_pkg'
[0.326s] Level 1:colcon.colcon_core.package_identification:_identify(src) by extensions ['colcon_meta']
[0.326s] Level 1:colcon.colcon_core.package_identification:_identify(src) by extension 'colcon_meta'
[0.326s] Level 1:colcon.colcon_core.package_identification:_identify(src) by extensions ['ros']
[0.326s] Level 1:colcon.colcon_core.package_identification:_identify(src) by extension 'ros'
[0.326s] Level 1:colcon.colcon_core.package_identification:_identify(src) by extensions ['cmake', 'python']
[0.326s] Level 1:colcon.colcon_core.package_identification:_identify(src) by extension 'cmake'
[0.327s] Level 1:colcon.colcon_core.package_identification:_identify(src) by extension 'python'
[0.327s] Level 1:colcon.colcon_core.package_identification:_identify(src) by extensions ['python_setup_py']
[0.327s] Level 1:colcon.colcon_core.package_identification:_identify(src) by extension 'python_setup_py'
[0.327s] Level 1:colcon.colcon_core.package_identification:_identify(src/rov_autonomy) by extensions ['ignore', 'ignore_ament_install']
[0.327s] Level 1:colcon.colcon_core.package_identification:_identify(src/rov_autonomy) by extension 'ignore'
[0.327s] Level 1:colcon.colcon_core.package_identification:_identify(src/rov_autonomy) by extension 'ignore_ament_install'
[0.327s] Level 1:colcon.colcon_core.package_identification:_identify(src/rov_autonomy) by extensions ['colcon_pkg']
[0.327s] Level 1:colcon.colcon_core.package_identification:_identify(src/rov_autonomy) by extension 'colcon_pkg'
[0.327s] Level 1:colcon.colcon_core.package_identification:_identify(src/rov_autonomy) by extensions ['colcon_meta']
[0.327s] Level 1:colcon.colcon_core.package_identification:_identify(src/rov_autonomy) by extension 'colcon_meta'
[0.327s] Level 1:colcon.colcon_core.package_identification:_identify(src/rov_autonomy) by extensions ['ros']
[0.327s] Level 1:colcon.colcon_core.package_identification:_identify(src/rov_autonomy) by extension 'ros'
[0.330s] DEBUG:colcon.colcon_core.package_identification:Package 'src/rov_autonomy' with type 'ros.ament_python' and name 'rov_autonomy'
[0.330s] Level 1:colcon.colcon_core.package_discovery:discover_packages(recursive) using defaults
[0.330s] Level 1:colcon.colcon_core.package_discovery:discover_packages(ignore) discover
[0.330s] Level 1:colcon.colcon_core.package_discovery:discover_packages(ignore) using defaults
[0.330s] Level 1:colcon.colcon_core.package_discovery:discover_packages(path) discover
[0.331s] Level 1:colcon.colcon_core.package_discovery:discover_packages(path) using defaults
[0.363s] Level 1:colcon.colcon_core.package_discovery:discover_packages(prefix_path) check parameters
[0.363s] Level 1:colcon.colcon_core.package_discovery:discover_packages(prefix_path) discover
[0.370s] DEBUG:colcon.colcon_installed_package_information.package_discovery:Found 1 installed packages in /home/kaplan/rov_ws/install
[0.372s] DEBUG:colcon.colcon_installed_package_information.package_discovery:Found 85 installed packages in /home/kaplan/colcon_ws/install
[0.373s] DEBUG:colcon.colcon_installed_package_information.package_discovery:Found 223 installed packages in /opt/ros/jazzy
[0.374s] Level 1:colcon.colcon_core.package_discovery:discover_packages(prefix_path) using defaults
[0.436s] Level 5:colcon.colcon_core.verb:set package 'rov_autonomy' build argument 'cmake_args' from command line to 'None'
[0.437s] Level 5:colcon.colcon_core.verb:set package 'rov_autonomy' build argument 'cmake_target' from command line to 'None'
[0.437s] Level 5:colcon.colcon_core.verb:set package 'rov_autonomy' build argument 'cmake_target_skip_unavailable' from command line to 'False'
[0.437s] Level 5:colcon.colcon_core.verb:set package 'rov_autonomy' build argument 'cmake_clean_cache' from command line to 'False'
[0.437s] Level 5:colcon.colcon_core.verb:set package 'rov_autonomy' build argument 'cmake_clean_first' from command line to 'False'
[0.437s] Level 5:colcon.colcon_core.verb:set package 'rov_autonomy' build argument 'cmake_force_configure' from command line to 'False'
[0.437s] Level 5:colcon.colcon_core.verb:set package 'rov_autonomy' build argument 'ament_cmake_args' from command line to 'None'
[0.437s] Level 5:colcon.colcon_core.verb:set package 'rov_autonomy' build argument 'catkin_cmake_args' from command line to 'None'
[0.437s] Level 5:colcon.colcon_core.verb:set package 'rov_autonomy' build argument 'catkin_skip_building_tests' from command line to 'False'
[0.437s] DEBUG:colcon.colcon_core.verb:Building package 'rov_autonomy' with the following arguments: {'ament_cmake_args': None, 'build_base': '/home/kaplan/rov_ws/build/rov_autonomy', 'catkin_cmake_args': None, 'catkin_skip_building_tests': False, 'cmake_args': None, 'cmake_clean_cache': False, 'cmake_clean_first': False, 'cmake_force_configure': False, 'cmake_target': None, 'cmake_target_skip_unavailable': False, 'install_base': '/home/kaplan/rov_ws/install/rov_autonomy', 'merge_install': False, 'path': '/home/kaplan/rov_ws/src/rov_autonomy', 'symlink_install': True, 'test_result_base': None}
[0.437s] INFO:colcon.colcon_core.executor:Executing jobs using 'parallel' executor
[0.438s] DEBUG:colcon.colcon_parallel_executor.executor.parallel:run_until_complete
[0.438s] INFO:colcon.colcon_ros.task.ament_python.build:Building ROS package in '/home/kaplan/rov_ws/src/rov_autonomy' with build type 'ament_python'
[0.438s] Level 1:colcon.colcon_core.shell:create_environment_hook('rov_autonomy', 'ament_prefix_path')
[0.444s] INFO:colcon.colcon_core.plugin_system:Skipping extension 'colcon_core.shell.bat': Not used on non-Windows systems
[0.444s] INFO:colcon.colcon_core.shell:Creating environment hook '/home/kaplan/rov_ws/install/rov_autonomy/share/rov_autonomy/hook/ament_prefix_path.ps1'
[0.445s] INFO:colcon.colcon_core.shell:Creating environment descriptor '/home/kaplan/rov_ws/install/rov_autonomy/share/rov_autonomy/hook/ament_prefix_path.dsv'
[0.446s] INFO:colcon.colcon_core.shell:Creating environment hook '/home/kaplan/rov_ws/install/rov_autonomy/share/rov_autonomy/hook/ament_prefix_path.sh'
[0.447s] INFO:colcon.colcon_core.shell:Skip shell extension 'powershell' for command environment: Not usable outside of PowerShell
[0.447s] DEBUG:colcon.colcon_core.shell:Skip shell extension 'dsv' for command environment
[0.811s] INFO:colcon.colcon_core.task.python.build:Building Python package in '/home/kaplan/rov_ws/src/rov_autonomy'
[0.811s] INFO:colcon.colcon_core.shell:Skip shell extension 'powershell' for command environment: Not usable outside of PowerShell
[0.811s] DEBUG:colcon.colcon_core.shell:Skip shell extension 'dsv' for command environment
[1.718s] DEBUG:colcon.colcon_core.task.python.build:Available setuptools commands: install_headers, alias, update_catalog, build, dist_info, rotate, symlink_data, saveopts, bdist_wheel, bdist_egg, setopt, init_catalog, check, ptr, pytest, install_lib, egg_info, compile_catalog, sdist, build_py, install_scripts, develop, bdist_dumb, build_clib, easy_install, clean, extract_messages, build_scripts, build_ext, install, install_egg_info, bdist_rpm, install_data, bdist, editable_wheel
[2.169s] DEBUG:colcon.colcon_core.task.python.build:Available setuptools 'develop' options: --editable, --optimize, --site-dirs, --multi-version, --egg-path, --quiet, --record, --uninstall, --version, --zip-ok, --build-directory, --always-unzip, --no-user-cfg, --no-deps, --dry-run, --help, --find-links, --allow-hosts, --upgrade, --script-dir, --index-url, --install-dir, --always-copy, --verbose, --prefix, --local-snapshots-ok, --no-find-links, --user, --exclude-scripts
[2.171s] DEBUG:colcon.colcon_core.event_handler.log_command:Invoking command in '/home/kaplan/rov_ws/build/rov_autonomy': DEBUGINFOD_URLS=https://debuginfod.ubuntu.com PS1=\[\e]0;\u@\h: \w\a\]${debian_chroot:+($debian_chroot)}\[\033[01;32m\]\u@\h\[\033[00m\]:\[\033[01;34m\]\w\[\033[00m\]\$ PYTHONPATH=/home/kaplan/rov_ws/build/rov_autonomy/prefix_override:/usr/lib/python3/dist-packages/colcon_core/task/python/colcon_distutils_commands:/home/kaplan/rov_ws/install/rov_autonomy/lib/python3.12/site-packages:${PYTHONPATH} VIRTUAL_ENV_PROMPT=(venv-ardupilot) /usr/bin/python3 -W ignore:setup.py install is deprecated -W ignore:easy_install command is deprecated setup.py develop --editable --build-directory /home/kaplan/rov_ws/build/rov_autonomy/build --no-deps symlink_data
[3.101s] Level 1:colcon.colcon_core.shell:create_environment_hook('rov_autonomy', 'pythonpath_develop')
[3.102s] INFO:colcon.colcon_core.shell:Creating environment hook '/home/kaplan/rov_ws/build/rov_autonomy/share/rov_autonomy/hook/pythonpath_develop.ps1'
[3.102s] DEBUG:colcon.colcon_core.event_handler.log_command:Invoked command in '/home/kaplan/rov_ws/build/rov_autonomy' returned '0': DEBUGINFOD_URLS=https://debuginfod.ubuntu.com PS1=\[\e]0;\u@\h: \w\a\]${debian_chroot:+($debian_chroot)}\[\033[01;32m\]\u@\h\[\033[00m\]:\[\033[01;34m\]\w\[\033[00m\]\$ PYTHONPATH=/home/kaplan/rov_ws/build/rov_autonomy/prefix_override:/usr/lib/python3/dist-packages/colcon_core/task/python/colcon_distutils_commands:/home/kaplan/rov_ws/install/rov_autonomy/lib/python3.12/site-packages:${PYTHONPATH} VIRTUAL_ENV_PROMPT=(venv-ardupilot) /usr/bin/python3 -W ignore:setup.py install is deprecated -W ignore:easy_install command is deprecated setup.py develop --editable --build-directory /home/kaplan/rov_ws/build/rov_autonomy/build --no-deps symlink_data
[3.102s] INFO:colcon.colcon_core.shell:Creating environment descriptor '/home/kaplan/rov_ws/build/rov_autonomy/share/rov_autonomy/hook/pythonpath_develop.dsv'
[3.103s] INFO:colcon.colcon_core.shell:Creating environment hook '/home/kaplan/rov_ws/build/rov_autonomy/share/rov_autonomy/hook/pythonpath_develop.sh'
[3.109s] Level 1:colcon.colcon_core.environment:checking '/home/kaplan/rov_ws/install/rov_autonomy' for CMake module files
[3.110s] Level 1:colcon.colcon_core.environment:checking '/home/kaplan/rov_ws/install/rov_autonomy' for CMake config files
[3.110s] Level 1:colcon.colcon_core.environment:checking '/home/kaplan/rov_ws/install/rov_autonomy/lib'
[3.110s] Level 1:colcon.colcon_core.environment:checking '/home/kaplan/rov_ws/install/rov_autonomy/bin'
[3.110s] Level 1:colcon.colcon_core.environment:checking '/home/kaplan/rov_ws/install/rov_autonomy/lib/pkgconfig/rov_autonomy.pc'
[3.110s] Level 1:colcon.colcon_core.environment:checking '/home/kaplan/rov_ws/install/rov_autonomy/lib/python3.12/site-packages'
[3.111s] Level 1:colcon.colcon_core.shell:create_environment_hook('rov_autonomy', 'pythonpath')
[3.111s] INFO:colcon.colcon_core.shell:Creating environment hook '/home/kaplan/rov_ws/install/rov_autonomy/share/rov_autonomy/hook/pythonpath.ps1'
[3.111s] INFO:colcon.colcon_core.shell:Creating environment descriptor '/home/kaplan/rov_ws/install/rov_autonomy/share/rov_autonomy/hook/pythonpath.dsv'
[3.111s] INFO:colcon.colcon_core.shell:Creating environment hook '/home/kaplan/rov_ws/install/rov_autonomy/share/rov_autonomy/hook/pythonpath.sh'
[3.112s] Level 1:colcon.colcon_core.environment:checking '/home/kaplan/rov_ws/install/rov_autonomy/bin'
[3.112s] Level 1:colcon.colcon_core.environment:create_environment_scripts_only(rov_autonomy)
[3.112s] INFO:colcon.colcon_core.shell:Creating package script '/home/kaplan/rov_ws/install/rov_autonomy/share/rov_autonomy/package.ps1'
[3.113s] INFO:colcon.colcon_core.shell:Creating package descriptor '/home/kaplan/rov_ws/install/rov_autonomy/share/rov_autonomy/package.dsv'
[3.113s] INFO:colcon.colcon_core.shell:Creating package script '/home/kaplan/rov_ws/install/rov_autonomy/share/rov_autonomy/package.sh'
[3.114s] INFO:colcon.colcon_core.shell:Creating package script '/home/kaplan/rov_ws/install/rov_autonomy/share/rov_autonomy/package.bash'
[3.115s] INFO:colcon.colcon_core.shell:Creating package script '/home/kaplan/rov_ws/install/rov_autonomy/share/rov_autonomy/package.zsh'
[3.116s] Level 1:colcon.colcon_core.environment:create_file_with_runtime_dependencies(/home/kaplan/rov_ws/install/rov_autonomy/share/colcon-core/packages/rov_autonomy)
[3.116s] DEBUG:colcon.colcon_parallel_executor.executor.parallel:closing loop
[3.117s] DEBUG:colcon.colcon_parallel_executor.executor.parallel:loop closed
[3.117s] DEBUG:colcon.colcon_parallel_executor.executor.parallel:run_until_complete finished with '0'
[3.117s] DEBUG:colcon.colcon_core.event_reactor:joining thread
[3.124s] INFO:colcon.colcon_core.plugin_system:Skipping extension 'colcon_notification.desktop_notification.terminal_notifier': Not used on non-Darwin systems
[3.124s] INFO:colcon.colcon_core.plugin_system:Skipping extension 'colcon_notification.desktop_notification.win32': Not used on non-Windows systems
[3.124s] INFO:colcon.colcon_notification.desktop_notification:Sending desktop notification using 'notify2'
[3.134s] DEBUG:colcon.colcon_core.event_reactor:joined thread
[3.135s] INFO:colcon.colcon_core.shell:Creating prefix script '/home/kaplan/rov_ws/install/local_setup.ps1'
[3.135s] INFO:colcon.colcon_core.shell:Creating prefix util module '/home/kaplan/rov_ws/install/_local_setup_util_ps1.py'
[3.137s] INFO:colcon.colcon_core.shell:Creating prefix chain script '/home/kaplan/rov_ws/install/setup.ps1'
[3.140s] INFO:colcon.colcon_core.shell:Creating prefix script '/home/kaplan/rov_ws/install/local_setup.sh'
[3.141s] INFO:colcon.colcon_core.shell:Creating prefix util module '/home/kaplan/rov_ws/install/_local_setup_util_sh.py'
[3.141s] INFO:colcon.colcon_core.shell:Creating prefix chain script '/home/kaplan/rov_ws/install/setup.sh'
[3.145s] INFO:colcon.colcon_core.shell:Creating prefix script '/home/kaplan/rov_ws/install/local_setup.bash'
[3.146s] INFO:colcon.colcon_core.shell:Creating prefix chain script '/home/kaplan/rov_ws/install/setup.bash'
[3.149s] INFO:colcon.colcon_core.shell:Creating prefix script '/home/kaplan/rov_ws/install/local_setup.zsh'
[3.150s] INFO:colcon.colcon_core.shell:Creating prefix chain script '/home/kaplan/rov_ws/install/setup.zsh'
