[0.140s] DEBUG:colcon:Command line arguments: ['/usr/bin/colcon', 'build', '--packages-select', 'rov_autonomy', '--symlink-install']
[0.140s] DEBUG:colcon:Parsed command line arguments: Namespace(log_base=None, log_level=None, verb_name='build', build_base='build', install_base='install', merge_install=False, symlink_install=True, test_result_base=None, continue_on_error=False, executor='parallel', parallel_workers=12, event_handlers=None, ignore_user_meta=False, metas=['./colcon.meta'], base_paths=['.'], packages_ignore=None, packages_ignore_regex=None, paths=None, packages_up_to=None, packages_up_to_regex=None, packages_above=None, packages_above_and_dependencies=None, packages_above_depth=None, packages_select_by_dep=None, packages_skip_by_dep=None, packages_skip_up_to=None, packages_select_build_failed=False, packages_skip_build_finished=False, packages_select_test_failures=False, packages_skip_test_passed=False, packages_select=['rov_autonomy'], packages_skip=None, packages_select_regex=None, packages_skip_regex=None, packages_start=None, packages_end=None, allow_overriding=[], cmake_args=None, cmake_target=None, cmake_target_skip_unavailable=False, cmake_clean_cache=False, cmake_clean_first=False, cmake_force_configure=False, ament_cmake_args=None, catkin_cmake_args=None, catkin_skip_building_tests=False, mixin_files=None, mixin=None, verb_parser=<colcon_mixin.mixin.mixin_argument.MixinArgumentDecorator object at 0x73020467f8c0>, verb_extension=<colcon_core.verb.build.BuildVerb object at 0x7302047cc3b0>, main=<bound method BuildVerb.main of <colcon_core.verb.build.BuildVerb object at 0x7302047cc3b0>>, mixin_verb=('build',))
[0.182s] Level 1:colcon.colcon_core.package_discovery:discover_packages(colcon_meta) check parameters
[0.182s] Level 1:colcon.colcon_core.package_discovery:discover_packages(recursive) check parameters
[0.182s] Level 1:colcon.colcon_core.package_discovery:discover_packages(ignore) check parameters
[0.182s] Level 1:colcon.colcon_core.package_discovery:discover_packages(path) check parameters
[0.182s] Level 1:colcon.colcon_core.package_discovery:discover_packages(colcon_meta) discover
[0.182s] Level 1:colcon.colcon_core.package_discovery:discover_packages(recursive) discover
[0.182s] INFO:colcon.colcon_core.package_discovery:Crawling recursively for packages in '/home/kaplan/rov_ws'
[0.182s] Level 1:colcon.colcon_core.package_identification:_identify(.) by extensions ['ignore', 'ignore_ament_install']
[0.182s] Level 1:colcon.colcon_core.package_identification:_identify(.) by extension 'ignore'
[0.182s] Level 1:colcon.colcon_core.package_identification:_identify(.) by extension 'ignore_ament_install'
[0.182s] Level 1:colcon.colcon_core.package_identification:_identify(.) by extensions ['colcon_pkg']
[0.182s] Level 1:colcon.colcon_core.package_identification:_identify(.) by extension 'colcon_pkg'
[0.182s] Level 1:colcon.colcon_core.package_identification:_identify(.) by extensions ['colcon_meta']
[0.182s] Level 1:colcon.colcon_core.package_identification:_identify(.) by extension 'colcon_meta'
[0.182s] Level 1:colcon.colcon_core.package_identification:_identify(.) by extensions ['ros']
[0.182s] Level 1:colcon.colcon_core.package_identification:_identify(.) by extension 'ros'
[0.204s] Level 1:colcon.colcon_core.package_identification:_identify(.) by extensions ['cmake', 'python']
[0.204s] Level 1:colcon.colcon_core.package_identification:_identify(.) by extension 'cmake'
[0.204s] Level 1:colcon.colcon_core.package_identification:_identify(.) by extension 'python'
[0.204s] Level 1:colcon.colcon_core.package_identification:_identify(.) by extensions ['python_setup_py']
[0.204s] Level 1:colcon.colcon_core.package_identification:_identify(.) by extension 'python_setup_py'
[0.204s] Level 1:colcon.colcon_core.package_identification:_identify(build) by extensions ['ignore', 'ignore_ament_install']
[0.204s] Level 1:colcon.colcon_core.package_identification:_identify(build) by extension 'ignore'
[0.204s] Level 1:colcon.colcon_core.package_identification:_identify(build) ignored
[0.204s] Level 1:colcon.colcon_core.package_identification:_identify(install) by extensions ['ignore', 'ignore_ament_install']
[0.204s] Level 1:colcon.colcon_core.package_identification:_identify(install) by extension 'ignore'
[0.204s] Level 1:colcon.colcon_core.package_identification:_identify(install) ignored
[0.204s] Level 1:colcon.colcon_core.package_identification:_identify(log) by extensions ['ignore', 'ignore_ament_install']
[0.205s] Level 1:colcon.colcon_core.package_identification:_identify(log) by extension 'ignore'
[0.205s] Level 1:colcon.colcon_core.package_identification:_identify(log) ignored
[0.205s] Level 1:colcon.colcon_core.package_identification:_identify(src) by extensions ['ignore', 'ignore_ament_install']
[0.205s] Level 1:colcon.colcon_core.package_identification:_identify(src) by extension 'ignore'
[0.205s] Level 1:colcon.colcon_core.package_identification:_identify(src) by extension 'ignore_ament_install'
[0.205s] Level 1:colcon.colcon_core.package_identification:_identify(src) by extensions ['colcon_pkg']
[0.205s] Level 1:colcon.colcon_core.package_identification:_identify(src) by extension 'colcon_pkg'
[0.205s] Level 1:colcon.colcon_core.package_identification:_identify(src) by extensions ['colcon_meta']
[0.205s] Level 1:colcon.colcon_core.package_identification:_identify(src) by extension 'colcon_meta'
[0.205s] Level 1:colcon.colcon_core.package_identification:_identify(src) by extensions ['ros']
[0.205s] Level 1:colcon.colcon_core.package_identification:_identify(src) by extension 'ros'
[0.205s] Level 1:colcon.colcon_core.package_identification:_identify(src) by extensions ['cmake', 'python']
[0.205s] Level 1:colcon.colcon_core.package_identification:_identify(src) by extension 'cmake'
[0.205s] Level 1:colcon.colcon_core.package_identification:_identify(src) by extension 'python'
[0.205s] Level 1:colcon.colcon_core.package_identification:_identify(src) by extensions ['python_setup_py']
[0.205s] Level 1:colcon.colcon_core.package_identification:_identify(src) by extension 'python_setup_py'
[0.205s] Level 1:colcon.colcon_core.package_identification:_identify(src/rov_autonomy) by extensions ['ignore', 'ignore_ament_install']
[0.205s] Level 1:colcon.colcon_core.package_identification:_identify(src/rov_autonomy) by extension 'ignore'
[0.205s] Level 1:colcon.colcon_core.package_identification:_identify(src/rov_autonomy) by extension 'ignore_ament_install'
[0.205s] Level 1:colcon.colcon_core.package_identification:_identify(src/rov_autonomy) by extensions ['colcon_pkg']
[0.205s] Level 1:colcon.colcon_core.package_identification:_identify(src/rov_autonomy) by extension 'colcon_pkg'
[0.205s] Level 1:colcon.colcon_core.package_identification:_identify(src/rov_autonomy) by extensions ['colcon_meta']
[0.205s] Level 1:colcon.colcon_core.package_identification:_identify(src/rov_autonomy) by extension 'colcon_meta'
[0.205s] Level 1:colcon.colcon_core.package_identification:_identify(src/rov_autonomy) by extensions ['ros']
[0.205s] Level 1:colcon.colcon_core.package_identification:_identify(src/rov_autonomy) by extension 'ros'
[0.207s] DEBUG:colcon.colcon_core.package_identification:Package 'src/rov_autonomy' with type 'ros.ament_python' and name 'rov_autonomy'
[0.207s] Level 1:colcon.colcon_core.package_discovery:discover_packages(recursive) using defaults
[0.207s] Level 1:colcon.colcon_core.package_discovery:discover_packages(ignore) discover
[0.207s] Level 1:colcon.colcon_core.package_discovery:discover_packages(ignore) using defaults
[0.207s] Level 1:colcon.colcon_core.package_discovery:discover_packages(path) discover
[0.207s] Level 1:colcon.colcon_core.package_discovery:discover_packages(path) using defaults
[0.229s] Level 1:colcon.colcon_core.package_discovery:discover_packages(prefix_path) check parameters
[0.229s] Level 1:colcon.colcon_core.package_discovery:discover_packages(prefix_path) discover
[0.233s] DEBUG:colcon.colcon_installed_package_information.package_discovery:Found 1 installed packages in /home/kaplan/rov_ws/install
[0.235s] DEBUG:colcon.colcon_installed_package_information.package_discovery:Found 85 installed packages in /home/kaplan/colcon_ws/install
[0.236s] DEBUG:colcon.colcon_installed_package_information.package_discovery:Found 223 installed packages in /opt/ros/jazzy
[0.237s] Level 1:colcon.colcon_core.package_discovery:discover_packages(prefix_path) using defaults
[0.269s] Level 5:colcon.colcon_core.verb:set package 'rov_autonomy' build argument 'cmake_args' from command line to 'None'
[0.269s] Level 5:colcon.colcon_core.verb:set package 'rov_autonomy' build argument 'cmake_target' from command line to 'None'
[0.269s] Level 5:colcon.colcon_core.verb:set package 'rov_autonomy' build argument 'cmake_target_skip_unavailable' from command line to 'False'
[0.269s] Level 5:colcon.colcon_core.verb:set package 'rov_autonomy' build argument 'cmake_clean_cache' from command line to 'False'
[0.269s] Level 5:colcon.colcon_core.verb:set package 'rov_autonomy' build argument 'cmake_clean_first' from command line to 'False'
[0.269s] Level 5:colcon.colcon_core.verb:set package 'rov_autonomy' build argument 'cmake_force_configure' from command line to 'False'
[0.269s] Level 5:colcon.colcon_core.verb:set package 'rov_autonomy' build argument 'ament_cmake_args' from command line to 'None'
[0.269s] Level 5:colcon.colcon_core.verb:set package 'rov_autonomy' build argument 'catkin_cmake_args' from command line to 'None'
[0.269s] Level 5:colcon.colcon_core.verb:set package 'rov_autonomy' build argument 'catkin_skip_building_tests' from command line to 'False'
[0.269s] DEBUG:colcon.colcon_core.verb:Building package 'rov_autonomy' with the following arguments: {'ament_cmake_args': None, 'build_base': '/home/kaplan/rov_ws/build/rov_autonomy', 'catkin_cmake_args': None, 'catkin_skip_building_tests': False, 'cmake_args': None, 'cmake_clean_cache': False, 'cmake_clean_first': False, 'cmake_force_configure': False, 'cmake_target': None, 'cmake_target_skip_unavailable': False, 'install_base': '/home/kaplan/rov_ws/install/rov_autonomy', 'merge_install': False, 'path': '/home/kaplan/rov_ws/src/rov_autonomy', 'symlink_install': True, 'test_result_base': None}
[0.269s] INFO:colcon.colcon_core.executor:Executing jobs using 'parallel' executor
[0.270s] DEBUG:colcon.colcon_parallel_executor.executor.parallel:run_until_complete
[0.270s] INFO:colcon.colcon_ros.task.ament_python.build:Building ROS package in '/home/kaplan/rov_ws/src/rov_autonomy' with build type 'ament_python'
[0.270s] Level 1:colcon.colcon_core.shell:create_environment_hook('rov_autonomy', 'ament_prefix_path')
[0.273s] INFO:colcon.colcon_core.plugin_system:Skipping extension 'colcon_core.shell.bat': Not used on non-Windows systems
[0.273s] INFO:colcon.colcon_core.shell:Creating environment hook '/home/kaplan/rov_ws/install/rov_autonomy/share/rov_autonomy/hook/ament_prefix_path.ps1'
[0.274s] INFO:colcon.colcon_core.shell:Creating environment descriptor '/home/kaplan/rov_ws/install/rov_autonomy/share/rov_autonomy/hook/ament_prefix_path.dsv'
[0.274s] INFO:colcon.colcon_core.shell:Creating environment hook '/home/kaplan/rov_ws/install/rov_autonomy/share/rov_autonomy/hook/ament_prefix_path.sh'
[0.275s] INFO:colcon.colcon_core.shell:Skip shell extension 'powershell' for command environment: Not usable outside of PowerShell
[0.275s] DEBUG:colcon.colcon_core.shell:Skip shell extension 'dsv' for command environment
[0.604s] INFO:colcon.colcon_core.task.python.build:Building Python package in '/home/kaplan/rov_ws/src/rov_autonomy'
[0.604s] INFO:colcon.colcon_core.shell:Skip shell extension 'powershell' for command environment: Not usable outside of PowerShell
[0.604s] DEBUG:colcon.colcon_core.shell:Skip shell extension 'dsv' for command environment
[1.333s] DEBUG:colcon.colcon_core.task.python.build:Available setuptools commands: clean, easy_install, build_scripts, sdist, bdist, build, pytest, saveopts, bdist_egg, install_headers, egg_info, build_py, develop, install, build_clib, bdist_wheel, extract_messages, bdist_rpm, rotate, editable_wheel, install_lib, install_scripts, install_data, build_ext, alias, setopt, init_catalog, update_catalog, dist_info, install_egg_info, symlink_data, bdist_dumb, ptr, compile_catalog, check
[1.765s] DEBUG:colcon.colcon_core.task.python.build:Available setuptools 'develop' options: --user, --no-user-cfg, --version, --egg-path, --optimize, --prefix, --multi-version, --site-dirs, --always-unzip, --find-links, --script-dir, --always-copy, --no-find-links, --zip-ok, --install-dir, --uninstall, --record, --build-directory, --local-snapshots-ok, --dry-run, --editable, --help, --index-url, --upgrade, --allow-hosts, --verbose, --no-deps, --exclude-scripts, --quiet
[1.767s] DEBUG:colcon.colcon_core.event_handler.log_command:Invoking command in '/home/kaplan/rov_ws/build/rov_autonomy': DEBUGINFOD_URLS=https://debuginfod.ubuntu.com PS1=\[\e]0;\u@\h: \w\a\]${debian_chroot:+($debian_chroot)}\[\033[01;32m\]\u@\h\[\033[00m\]:\[\033[01;34m\]\w\[\033[00m\]\$ PYTHONPATH=/home/kaplan/rov_ws/build/rov_autonomy/prefix_override:/usr/lib/python3/dist-packages/colcon_core/task/python/colcon_distutils_commands:/home/kaplan/rov_ws/install/rov_autonomy/lib/python3.12/site-packages:${PYTHONPATH} VIRTUAL_ENV_PROMPT=(venv-ardupilot) /usr/bin/python3 -W ignore:setup.py install is deprecated -W ignore:easy_install command is deprecated setup.py develop --editable --build-directory /home/kaplan/rov_ws/build/rov_autonomy/build --no-deps symlink_data
[2.687s] Level 1:colcon.colcon_core.shell:create_environment_hook('rov_autonomy', 'pythonpath_develop')
[2.688s] INFO:colcon.colcon_core.shell:Creating environment hook '/home/kaplan/rov_ws/build/rov_autonomy/share/rov_autonomy/hook/pythonpath_develop.ps1'
[2.688s] DEBUG:colcon.colcon_core.event_handler.log_command:Invoked command in '/home/kaplan/rov_ws/build/rov_autonomy' returned '0': DEBUGINFOD_URLS=https://debuginfod.ubuntu.com PS1=\[\e]0;\u@\h: \w\a\]${debian_chroot:+($debian_chroot)}\[\033[01;32m\]\u@\h\[\033[00m\]:\[\033[01;34m\]\w\[\033[00m\]\$ PYTHONPATH=/home/kaplan/rov_ws/build/rov_autonomy/prefix_override:/usr/lib/python3/dist-packages/colcon_core/task/python/colcon_distutils_commands:/home/kaplan/rov_ws/install/rov_autonomy/lib/python3.12/site-packages:${PYTHONPATH} VIRTUAL_ENV_PROMPT=(venv-ardupilot) /usr/bin/python3 -W ignore:setup.py install is deprecated -W ignore:easy_install command is deprecated setup.py develop --editable --build-directory /home/kaplan/rov_ws/build/rov_autonomy/build --no-deps symlink_data
[2.688s] INFO:colcon.colcon_core.shell:Creating environment descriptor '/home/kaplan/rov_ws/build/rov_autonomy/share/rov_autonomy/hook/pythonpath_develop.dsv'
[2.689s] INFO:colcon.colcon_core.shell:Creating environment hook '/home/kaplan/rov_ws/build/rov_autonomy/share/rov_autonomy/hook/pythonpath_develop.sh'
[2.692s] Level 1:colcon.colcon_core.environment:checking '/home/kaplan/rov_ws/install/rov_autonomy' for CMake module files
[2.692s] Level 1:colcon.colcon_core.environment:checking '/home/kaplan/rov_ws/install/rov_autonomy' for CMake config files
[2.693s] Level 1:colcon.colcon_core.environment:checking '/home/kaplan/rov_ws/install/rov_autonomy/lib'
[2.693s] Level 1:colcon.colcon_core.environment:checking '/home/kaplan/rov_ws/install/rov_autonomy/bin'
[2.693s] Level 1:colcon.colcon_core.environment:checking '/home/kaplan/rov_ws/install/rov_autonomy/lib/pkgconfig/rov_autonomy.pc'
[2.693s] Level 1:colcon.colcon_core.environment:checking '/home/kaplan/rov_ws/install/rov_autonomy/lib/python3.12/site-packages'
[2.693s] Level 1:colcon.colcon_core.shell:create_environment_hook('rov_autonomy', 'pythonpath')
[2.693s] INFO:colcon.colcon_core.shell:Creating environment hook '/home/kaplan/rov_ws/install/rov_autonomy/share/rov_autonomy/hook/pythonpath.ps1'
[2.694s] INFO:colcon.colcon_core.shell:Creating environment descriptor '/home/kaplan/rov_ws/install/rov_autonomy/share/rov_autonomy/hook/pythonpath.dsv'
[2.694s] INFO:colcon.colcon_core.shell:Creating environment hook '/home/kaplan/rov_ws/install/rov_autonomy/share/rov_autonomy/hook/pythonpath.sh'
[2.695s] Level 1:colcon.colcon_core.environment:checking '/home/kaplan/rov_ws/install/rov_autonomy/bin'
[2.695s] Level 1:colcon.colcon_core.environment:create_environment_scripts_only(rov_autonomy)
[2.695s] INFO:colcon.colcon_core.shell:Creating package script '/home/kaplan/rov_ws/install/rov_autonomy/share/rov_autonomy/package.ps1'
[2.696s] INFO:colcon.colcon_core.shell:Creating package descriptor '/home/kaplan/rov_ws/install/rov_autonomy/share/rov_autonomy/package.dsv'
[2.696s] INFO:colcon.colcon_core.shell:Creating package script '/home/kaplan/rov_ws/install/rov_autonomy/share/rov_autonomy/package.sh'
[2.696s] INFO:colcon.colcon_core.shell:Creating package script '/home/kaplan/rov_ws/install/rov_autonomy/share/rov_autonomy/package.bash'
[2.697s] INFO:colcon.colcon_core.shell:Creating package script '/home/kaplan/rov_ws/install/rov_autonomy/share/rov_autonomy/package.zsh'
[2.697s] Level 1:colcon.colcon_core.environment:create_file_with_runtime_dependencies(/home/kaplan/rov_ws/install/rov_autonomy/share/colcon-core/packages/rov_autonomy)
[2.698s] DEBUG:colcon.colcon_parallel_executor.executor.parallel:closing loop
[2.698s] DEBUG:colcon.colcon_parallel_executor.executor.parallel:loop closed
[2.698s] DEBUG:colcon.colcon_parallel_executor.executor.parallel:run_until_complete finished with '0'
[2.698s] DEBUG:colcon.colcon_core.event_reactor:joining thread
[2.705s] INFO:colcon.colcon_core.plugin_system:Skipping extension 'colcon_notification.desktop_notification.terminal_notifier': Not used on non-Darwin systems
[2.705s] INFO:colcon.colcon_core.plugin_system:Skipping extension 'colcon_notification.desktop_notification.win32': Not used on non-Windows systems
[2.705s] INFO:colcon.colcon_notification.desktop_notification:Sending desktop notification using 'notify2'
[2.715s] DEBUG:colcon.colcon_core.event_reactor:joined thread
[2.715s] INFO:colcon.colcon_core.shell:Creating prefix script '/home/kaplan/rov_ws/install/local_setup.ps1'
[2.716s] INFO:colcon.colcon_core.shell:Creating prefix util module '/home/kaplan/rov_ws/install/_local_setup_util_ps1.py'
[2.717s] INFO:colcon.colcon_core.shell:Creating prefix chain script '/home/kaplan/rov_ws/install/setup.ps1'
[2.720s] INFO:colcon.colcon_core.shell:Creating prefix script '/home/kaplan/rov_ws/install/local_setup.sh'
[2.721s] INFO:colcon.colcon_core.shell:Creating prefix util module '/home/kaplan/rov_ws/install/_local_setup_util_sh.py'
[2.721s] INFO:colcon.colcon_core.shell:Creating prefix chain script '/home/kaplan/rov_ws/install/setup.sh'
[2.725s] INFO:colcon.colcon_core.shell:Creating prefix script '/home/kaplan/rov_ws/install/local_setup.bash'
[2.725s] INFO:colcon.colcon_core.shell:Creating prefix chain script '/home/kaplan/rov_ws/install/setup.bash'
[2.728s] INFO:colcon.colcon_core.shell:Creating prefix script '/home/kaplan/rov_ws/install/local_setup.zsh'
[2.729s] INFO:colcon.colcon_core.shell:Creating prefix chain script '/home/kaplan/rov_ws/install/setup.zsh'
